Archive member included to satisfy reference by file (symbol)

d:/at32ide/platform/tools/gcc-arm-none-eabi-10.3-2021.10/bin/../lib/gcc/arm-none-eabi/10.3.1/thumb/v7e-m+fp/hard\libgcc.a(_arm_muldf3.o)
                              ./user/main.o (__aeabi_dmul)
d:/at32ide/platform/tools/gcc-arm-none-eabi-10.3-2021.10/bin/../lib/gcc/arm-none-eabi/10.3.1/thumb/v7e-m+fp/hard\libgcc.a(_arm_addsubdf3.o)
                              ./user/main.o (__aeabi_dsub)
d:/at32ide/platform/tools/gcc-arm-none-eabi-10.3-2021.10/bin/../lib/gcc/arm-none-eabi/10.3.1/thumb/v7e-m+fp/hard\libgcc.a(_arm_muldivdf3.o)
                              ./user/main.o (__aeabi_ddiv)
d:/at32ide/platform/tools/gcc-arm-none-eabi-10.3-2021.10/bin/../lib/gcc/arm-none-eabi/10.3.1/thumb/v7e-m+fp/hard\libgcc.a(_arm_fixdfsi.o)
                              ./user/main.o (__aeabi_d2iz)
d:/at32ide/platform/tools/gcc-arm-none-eabi-10.3-2021.10/bin/../lib/gcc/arm-none-eabi/10.3.1/../../../../arm-none-eabi/lib/thumb/v7e-m+fp/hard\libg_nano.a(lib_a-exit.o)
                              d:/at32ide/platform/tools/gcc-arm-none-eabi-10.3-2021.10/bin/../lib/gcc/arm-none-eabi/10.3.1/../../../../arm-none-eabi/lib/thumb/v7e-m+fp/hard/crt0.o (exit)
d:/at32ide/platform/tools/gcc-arm-none-eabi-10.3-2021.10/bin/../lib/gcc/arm-none-eabi/10.3.1/../../../../arm-none-eabi/lib/thumb/v7e-m+fp/hard\libg_nano.a(lib_a-impure.o)
                              d:/at32ide/platform/tools/gcc-arm-none-eabi-10.3-2021.10/bin/../lib/gcc/arm-none-eabi/10.3.1/../../../../arm-none-eabi/lib/thumb/v7e-m+fp/hard\libg_nano.a(lib_a-exit.o) (_global_impure_ptr)
d:/at32ide/platform/tools/gcc-arm-none-eabi-10.3-2021.10/bin/../lib/gcc/arm-none-eabi/10.3.1/../../../../arm-none-eabi/lib/thumb/v7e-m+fp/hard\libg_nano.a(lib_a-init.o)
                              d:/at32ide/platform/tools/gcc-arm-none-eabi-10.3-2021.10/bin/../lib/gcc/arm-none-eabi/10.3.1/../../../../arm-none-eabi/lib/thumb/v7e-m+fp/hard/crt0.o (__libc_init_array)
d:/at32ide/platform/tools/gcc-arm-none-eabi-10.3-2021.10/bin/../lib/gcc/arm-none-eabi/10.3.1/../../../../arm-none-eabi/lib/thumb/v7e-m+fp/hard\libg_nano.a(lib_a-memset.o)
                              d:/at32ide/platform/tools/gcc-arm-none-eabi-10.3-2021.10/bin/../lib/gcc/arm-none-eabi/10.3.1/../../../../arm-none-eabi/lib/thumb/v7e-m+fp/hard/crt0.o (memset)
d:/at32ide/platform/tools/gcc-arm-none-eabi-10.3-2021.10/bin/../lib/gcc/arm-none-eabi/10.3.1/../../../../arm-none-eabi/lib/thumb/v7e-m+fp/hard\libg_nano.a(lib_a-printf.o)
                              ./user/main.o (printf)
d:/at32ide/platform/tools/gcc-arm-none-eabi-10.3-2021.10/bin/../lib/gcc/arm-none-eabi/10.3.1/../../../../arm-none-eabi/lib/thumb/v7e-m+fp/hard\libg_nano.a(lib_a-puts.o)
                              ./user/main.o (puts)
d:/at32ide/platform/tools/gcc-arm-none-eabi-10.3-2021.10/bin/../lib/gcc/arm-none-eabi/10.3.1/../../../../arm-none-eabi/lib/thumb/v7e-m+fp/hard\libg_nano.a(lib_a-setvbuf.o)
                              ./bsp/at32f403a_407_board.o (setvbuf)
d:/at32ide/platform/tools/gcc-arm-none-eabi-10.3-2021.10/bin/../lib/gcc/arm-none-eabi/10.3.1/../../../../arm-none-eabi/lib/thumb/v7e-m+fp/hard\libg_nano.a(lib_a-sprintf.o)
                              ./user/xmc_lcd.o (sprintf)
d:/at32ide/platform/tools/gcc-arm-none-eabi-10.3-2021.10/bin/../lib/gcc/arm-none-eabi/10.3.1/../../../../arm-none-eabi/lib/thumb/v7e-m+fp/hard\libg_nano.a(lib_a-strlen.o)
                              ./user/xmc_lcd.o (strlen)
d:/at32ide/platform/tools/gcc-arm-none-eabi-10.3-2021.10/bin/../lib/gcc/arm-none-eabi/10.3.1/../../../../arm-none-eabi/lib/thumb/v7e-m+fp/hard\libg_nano.a(lib_a-wbuf.o)
                              d:/at32ide/platform/tools/gcc-arm-none-eabi-10.3-2021.10/bin/../lib/gcc/arm-none-eabi/10.3.1/../../../../arm-none-eabi/lib/thumb/v7e-m+fp/hard\libg_nano.a(lib_a-puts.o) (__swbuf_r)
d:/at32ide/platform/tools/gcc-arm-none-eabi-10.3-2021.10/bin/../lib/gcc/arm-none-eabi/10.3.1/../../../../arm-none-eabi/lib/thumb/v7e-m+fp/hard\libg_nano.a(lib_a-wsetup.o)
                              d:/at32ide/platform/tools/gcc-arm-none-eabi-10.3-2021.10/bin/../lib/gcc/arm-none-eabi/10.3.1/../../../../arm-none-eabi/lib/thumb/v7e-m+fp/hard\libg_nano.a(lib_a-puts.o) (__swsetup_r)
d:/at32ide/platform/tools/gcc-arm-none-eabi-10.3-2021.10/bin/../lib/gcc/arm-none-eabi/10.3.1/../../../../arm-none-eabi/lib/thumb/v7e-m+fp/hard\libg_nano.a(lib_a-fflush.o)
                              d:/at32ide/platform/tools/gcc-arm-none-eabi-10.3-2021.10/bin/../lib/gcc/arm-none-eabi/10.3.1/../../../../arm-none-eabi/lib/thumb/v7e-m+fp/hard\libg_nano.a(lib_a-setvbuf.o) (_fflush_r)
d:/at32ide/platform/tools/gcc-arm-none-eabi-10.3-2021.10/bin/../lib/gcc/arm-none-eabi/10.3.1/../../../../arm-none-eabi/lib/thumb/v7e-m+fp/hard\libg_nano.a(lib_a-findfp.o)
[...]
Memory Configuration

Name             Origin             Length             Attributes
FLASH            0x08000000         0x00100000         xr
RAM              0x20000000         0x00018000         xrw
SPIM             0x08400000         0x01000000         xr
*default*        0x00000000         0xffffffff

Linker script and memory map

LOAD d:/at32ide/platform/tools/gcc-arm-none-eabi-10.3-2021.10/bin/../lib/gcc/arm-none-eabi/10.3.1/thumb/v7e-m+fp/hard/crti.o
LOAD d:/at32ide/platform/tools/gcc-arm-none-eabi-10.3-2021.10/bin/../lib/gcc/arm-none-eabi/10.3.1/thumb/v7e-m+fp/hard/crtbegin.o
LOAD d:/at32ide/platform/tools/gcc-arm-none-eabi-10.3-2021.10/bin/../lib/gcc/arm-none-eabi/10.3.1/../../../../arm-none-eabi/lib/thumb/v7e-m+fp/hard/crt0.o
LOAD ./user/at32f403a_407_clock.o
LOAD ./user/at32f403a_407_int.o
LOAD ./user/main.o
LOAD ./user/touch.o
LOAD ./user/xmc_lcd.o
LOAD ./firmware/at32f403a_407_acc.o
LOAD ./firmware/at32f403a_407_adc.o
LOAD ./firmware/at32f403a_407_bpr.o
LOAD ./firmware/at32f403a_407_can.o
LOAD ./firmware/at32f403a_407_crc.o
LOAD ./firmware/at32f403a_407_crm.o
LOAD ./firmware/at32f403a_407_dac.o
LOAD ./firmware/at32f403a_407_debug.o
LOAD ./firmware/at32f403a_407_dma.o
LOAD ./firmware/at32f403a_407_emac.o
LOAD ./firmware/at32f403a_407_exint.o
LOAD ./firmware/at32f403a_407_flash.o
LOAD ./firmware/at32f403a_407_gpio.o
LOAD ./firmware/at32f403a_407_i2c.o
LOAD ./firmware/at32f403a_407_misc.o
LOAD ./firmware/at32f403a_407_pwc.o
LOAD ./firmware/at32f403a_407_rtc.o
LOAD ./firmware/at32f403a_407_sdio.o
LOAD ./firmware/at32f403a_407_spi.o
LOAD ./firmware/at32f403a_407_tmr.o
LOAD ./firmware/at32f403a_407_usart.o
LOAD ./firmware/at32f403a_407_usb.o
LOAD ./firmware/at32f403a_407_wdt.o
LOAD ./firmware/at32f403a_407_wwdt.o
LOAD ./firmware/at32f403a_407_xmc.o
LOAD ./cmsis/startup_at32f403a_407.o
LOAD ./cmsis/system_at32f403a_407.o
LOAD ./bsp/at32f403a_407_board.o
START GROUP
LOAD d:/at32ide/platform/tools/gcc-arm-none-eabi-10.3-2021.10/bin/../lib/gcc/arm-none-eabi/10.3.1/thumb/v7e-m+fp/hard\libgcc.a
LOAD d:/at32ide/platform/tools/gcc-arm-none-eabi-10.3-2021.10/bin/../lib/gcc/arm-none-eabi/10.3.1/../../../../arm-none-eabi/lib/thumb/v7e-m+fp/hard\libg_nano.a
LOAD d:/at32ide/platform/tools/gcc-arm-none-eabi-10.3-2021.10/bin/../lib/gcc/arm-none-eabi/10.3.1/../../../../arm-none-eabi/lib/thumb/v7e-m+fp/hard\libc_nano.a
END GROUP
START GROUP
LOAD d:/at32ide/platform/tools/gcc-arm-none-eabi-10.3-2021.10/bin/../lib/gcc/arm-none-eabi/10.3.1/thumb/v7e-m+fp/hard\libgcc.a
LOAD d:/at32ide/platform/tools/gcc-arm-none-eabi-10.3-2021.10/bin/../lib/gcc/arm-none-eabi/10.3.1/../../../../arm-none-eabi/lib/thumb/v7e-m+fp/hard\libc_nano.a
LOAD d:/at32ide/platform/tools/gcc-arm-none-eabi-10.3-2021.10/bin/../lib/gcc/arm-none-eabi/10.3.1/../../../../arm-none-eabi/lib/thumb/v7e-m+fp/hard\libnosys.a
END GROUP
START GROUP
LOAD d:/at32ide/platform/tools/gcc-arm-none-eabi-10.3-2021.10/bin/../lib/gcc/arm-none-eabi/10.3.1/thumb/v7e-m+fp/hard\libgcc.a
LOAD d:/at32ide/platform/tools/gcc-arm-none-eabi-10.3-2021.10/bin/../lib/gcc/arm-none-eabi/10.3.1/../../../../arm-none-eabi/lib/thumb/v7e-m+fp/hard\libc_nano.a
LOAD d:/at32ide/platform/tools/gcc-arm-none-eabi-10.3-2021.10/bin/../lib/gcc/arm-none-eabi/10.3.1/../../../../arm-none-eabi/lib/thumb/v7e-m+fp/hard\libnosys.a
END GROUP
LOAD d:/at32ide/platform/tools/gcc-arm-none-eabi-10.3-2021.10/bin/../lib/gcc/arm-none-eabi/10.3.1/thumb/v7e-m+fp/hard/crtend.o
LOAD d:/at32ide/platform/tools/gcc-arm-none-eabi-10.3-2021.10/bin/../lib/gcc/arm-none-eabi/10.3.1/thumb/v7e-m+fp/hard/crtn.o
                0x20018000                _estack = 0x20018000
                0x00000200                _Min_Heap_Size = 0x200
                0x00000400                _Min_Stack_Size = 0x400

.isr_vector     0x08000000      0x184
                0x08000000                . = ALIGN (0x4)
 *(.isr_vector)
 .isr_vector    0x08000000      0x184 ./cmsis/startup_at32f403a_407.o
                0x08000000                g_pfnVectors
                0x08000184                . = ALIGN (0x4)

.text           0x08000190     0x44c4
                0x08000190                . = ALIGN (0x4)
 *(.text)
 .text          0x08000190       0x40 d:/at32ide/platform/tools/gcc-arm-none-eabi-10.3-2021.10/bin/../lib/gcc/arm-none-eabi/10.3.1/thumb/v7e-m+fp/hard/crtbegin.o
 .text          0x080001d0      0x378 d:/at32ide/platform/tools/gcc-arm-none-eabi-10.3-2021.10/bin/../lib/gcc/arm-none-eabi/10.3.1/thumb/v7e-m+fp/hard\libgcc.a(_arm_addsubdf3.o)
                0x080001d0                __aeabi_drsub
                0x080001d8                __aeabi_dsub
                0x080001d8                __subdf3
                0x080001dc                __aeabi_dadd
                0x080001dc                __adddf3
                0x08000454                __floatunsidf
                0x08000454                __aeabi_ui2d
                0x08000474                __floatsidf
                0x08000474                __aeabi_i2d
                0x08000498                __aeabi_f2d
                0x08000498                __extendsfdf2
                0x080004dc                __floatundidf
                0x080004dc                __aeabi_ul2d
                0x080004ec                __floatdidf
                0x080004ec                __aeabi_l2d
 .text          0x08000548      0x424 d:/at32ide/platform/tools/gcc-arm-none-eabi-10.3-2021.10/bin/../lib/gcc/arm-none-eabi/10.3.1/thumb/v7e-m+fp/hard\libgcc.a(_arm_muldivdf3.o)
                0x08000548                __aeabi_dmul
                0x08000548                __muldf3
                0x0800079c                __divdf3
                0x0800079c                __aeabi_ddiv
 .text          0x0800096c       0x50 d:/at32ide/platform/tools/gcc-arm-none-eabi-10.3-2021.10/bin/../lib/gcc/arm-none-eabi/10.3.1/thumb/v7e-m+fp/hard\libgcc.a(_arm_fixdfsi.o)
                0x0800096c                __aeabi_d2iz
                0x0800096c                __fixdfsi
 .text          0x080009bc       0x10 d:/at32ide/platform/tools/gcc-arm-none-eabi-10.3-2021.10/bin/../lib/gcc/arm-none-eabi/10.3.1/../../../../arm-none-eabi/lib/thumb/v7e-m+fp/hard\libg_nano.a(lib_a-strlen.o)
                0x080009bc                strlen
 *fill*         0x080009cc        0x4 
 .text          0x080009d0       0xa0 d:/at32ide/platform/tools/gcc-arm-none-eabi-10.3-2021.10/bin/../lib/gcc/arm-none-eabi/10.3.1/../../../../arm-none-eabi/lib/thumb/v7e-m+fp/hard\libg_nano.a(lib_a-memchr.o)
                0x080009d0                memchr
 *(.text*)
 .text.system_clock_config
                0x08000a70       0x7a ./user/at32f403a_407_clock.o
                0x08000a70                system_clock_config
 .text.NMI_Handler
                0x08000aea        0xe ./user/at32f403a_407_int.o
                0x08000aea                NMI_Handler
 .text.HardFault_Handler
                0x08000af8        0x6 ./user/at32f403a_407_int.o
                0x08000af8                HardFault_Handler
 .text.MemManage_Handler
                0x08000afe        0x6 ./user/at32f403a_407_int.o
                0x08000afe                MemManage_Handler
 .text.BusFault_Handler
                0x08000b04        0x6 ./user/at32f403a_407_int.o
                0x08000b04                BusFault_Handler
 .text.UsageFault_Handler
                0x08000b0a        0x6 ./user/at32f403a_407_int.o
                0x08000b0a                UsageFault_Handler
 .text.SVC_Handler
                0x08000b10        0xe ./user/at32f403a_407_int.o
                0x08000b10                SVC_Handler
 .text.DebugMon_Handler
                0x08000b1e        0xe ./user/at32f403a_407_int.o
                0x08000b1e                DebugMon_Handler
 .text.PendSV_Handler
                0x08000b2c        0xe ./user/at32f403a_407_int.o
                0x08000b2c                PendSV_Handler
 .text.SysTick_Handler
                0x08000b3a        0xe ./user/at32f403a_407_int.o
                0x08000b3a                SysTick_Handler
 .text.button_isr
                0x08000b48       0x40 ./user/main.o
                0x08000b48                button_isr
 .text.EXINT0_IRQHandler
                0x08000b88        0xc ./user/main.o
                0x08000b88                EXINT0_IRQHandler
 .text.USART1_config
                0x08000b94       0x6c ./user/main.o
 .text.DMA1_config
                0x08000c00       0x6c ./user/main.o
 .text.ADC1_config
                0x08000c6c       0xa8 ./user/main.o
 *fill*         0x08000d14        0x4 
 .text.main     0x08000d18      0x178 ./user/main.o
                0x08000d18                main
 .text.xmc_init
                0x08000e90      0x2dc ./user/xmc_lcd.o
                0x08000e90                xmc_init
 .text.lcd_init
                0x0800116c      0x318 ./user/xmc_lcd.o
                0x0800116c                lcd_init
 .text.lcd_wr_command
                0x08001484       0x20 ./user/xmc_lcd.o
                0x08001484                lcd_wr_command
 .text.lcd_wr_data
                0x080014a4       0x20 ./user/xmc_lcd.o
                0x080014a4                lcd_wr_data
 .text.lcd_rd_data
                0x080014c4       0x20 ./user/xmc_lcd.o
                0x080014c4                lcd_rd_data
 .text.lcd_set_block
                0x080014e4       0x88 ./user/xmc_lcd.o
                0x080014e4                lcd_set_block
 .text.lcd_write_one_point
                0x0800156c       0x1a ./user/xmc_lcd.o
                0x0800156c                lcd_write_one_point
 *fill*         0x08001586        0x2 
 .text.lcd_draw_point
                0x08001588       0x38 ./user/xmc_lcd.o
                0x08001588                lcd_draw_point
 .text.lcd_clear
                0x080015c0       0x48 ./user/xmc_lcd.o
                0x080015c0                lcd_clear
 .text.lcd_write_char
                0x08001608       0xf4 ./user/xmc_lcd.o
                0x08001608                lcd_write_char
 .text.lcd_write_string
                0x080016fc       0x5e ./user/xmc_lcd.o
                0x080016fc                lcd_write_string
 *fill*         0x0800175a        0x2 
 .text.lcd_write_num
                0x0800175c       0x94 ./user/xmc_lcd.o
                0x0800175c                lcd_write_num
 .text.adc_reset
                0x080017f0       0x74 ./firmware/at32f403a_407_adc.o
                0x080017f0                adc_reset
 .text.adc_enable
                0x08001864       0x2a ./firmware/at32f403a_407_adc.o
                0x08001864                adc_enable
 *fill*         0x0800188e        0x2 
 .text.adc_combine_mode_select
                0x08001890       0x2c ./firmware/at32f403a_407_adc.o
                0x08001890                adc_combine_mode_select
 .text.adc_base_default_para_init
                0x080018bc       0x2c ./firmware/at32f403a_407_adc.o
                0x080018bc                adc_base_default_para_init
 .text.adc_base_config
                0x080018e8       0x6a ./firmware/at32f403a_407_adc.o
                0x080018e8                adc_base_config
 .text.adc_dma_mode_enable
                0x08001952       0x2a ./firmware/at32f403a_407_adc.o
                0x08001952                adc_dma_mode_enable
 .text.adc_calibration_init
                0x0800197c       0x1e ./firmware/at32f403a_407_adc.o
                0x0800197c                adc_calibration_init
 .text.adc_calibration_init_status_get
                0x0800199a       0x28 ./firmware/at32f403a_407_adc.o
                0x0800199a                adc_calibration_init_status_get
 .text.adc_calibration_start
                0x080019c2       0x1e ./firmware/at32f403a_407_adc.o
                0x080019c2                adc_calibration_start
 .text.adc_calibration_status_get
                0x080019e0       0x28 ./firmware/at32f403a_407_adc.o
                0x080019e0                adc_calibration_status_get
 .text.adc_ordinary_channel_set
                0x08001a08      0x178 ./firmware/at32f403a_407_adc.o
                0x08001a08                adc_ordinary_channel_set
 .text.adc_ordinary_conversion_trigger_set
                0x08001b80       0x6e ./firmware/at32f403a_407_adc.o
                0x08001b80                adc_ordinary_conversion_trigger_set
 *fill*         0x08001bee        0x2 
 .text.adc_tempersensor_vintrv_enable
                0x08001bf0       0x2c ./firmware/at32f403a_407_adc.o
                0x08001bf0                adc_tempersensor_vintrv_enable
 .text.adc_ordinary_software_trigger_enable
                0x08001c1c       0x2a ./firmware/at32f403a_407_adc.o
                0x08001c1c                adc_ordinary_software_trigger_enable
 *fill*         0x08001c46        0x2 
 .text.crm_reset
                0x08001c48       0x6c ./firmware/at32f403a_407_crm.o
                0x08001c48                crm_reset
 .text.crm_flag_get
                0x08001cb4       0x50 ./firmware/at32f403a_407_crm.o
                0x08001cb4                crm_flag_get
 .text.crm_hext_stable_wait
                0x08001d04       0x4a ./firmware/at32f403a_407_crm.o
                0x08001d04                crm_hext_stable_wait
 .text.crm_periph_clock_enable
                0x08001d4e       0x7c ./firmware/at32f403a_407_crm.o
                0x08001d4e                crm_periph_clock_enable
 .text.crm_periph_reset
                0x08001dca       0x7c ./firmware/at32f403a_407_crm.o
                0x08001dca                crm_periph_reset
 *fill*         0x08001e46        0x2 
 .text.crm_clock_source_enable
                0x08001e48       0xa8 ./firmware/at32f403a_407_crm.o
                0x08001e48                crm_clock_source_enable
 .text.crm_ahb_div_set
                0x08001ef0       0x2c ./firmware/at32f403a_407_crm.o
                0x08001ef0                crm_ahb_div_set
 .text.crm_apb1_div_set
                0x08001f1c       0x2c ./firmware/at32f403a_407_crm.o
                0x08001f1c                crm_apb1_div_set
 .text.crm_apb2_div_set
                0x08001f48       0x2c ./firmware/at32f403a_407_crm.o
                0x08001f48                crm_apb2_div_set
 .text.crm_adc_clock_div_set
                0x08001f74       0x44 ./firmware/at32f403a_407_crm.o
                0x08001f74                crm_adc_clock_div_set
 .text.crm_pll_config
                0x08001fb8       0x9c ./firmware/at32f403a_407_crm.o
                0x08001fb8                crm_pll_config
 .text.crm_sysclk_switch
                0x08002054       0x2c ./firmware/at32f403a_407_crm.o
                0x08002054                crm_sysclk_switch
 .text.crm_sysclk_switch_status_get
                0x08002080       0x1c ./firmware/at32f403a_407_crm.o
                0x08002080                crm_sysclk_switch_status_get
 .text.crm_clocks_freq_get
                0x0800209c      0x1d4 ./firmware/at32f403a_407_crm.o
                0x0800209c                crm_clocks_freq_get
 .text.crm_auto_step_mode_enable
                0x08002270       0x38 ./firmware/at32f403a_407_crm.o
                0x08002270                crm_auto_step_mode_enable
 .text.crm_hext_clock_div_set
                0x080022a8       0x2c ./firmware/at32f403a_407_crm.o
                0x080022a8                crm_hext_clock_div_set
 .text.dma_reset
                0x080022d4       0xac ./firmware/at32f403a_407_dma.o
                0x080022d4                dma_reset
 .text.dma_channel_enable
                0x08002380       0x2a ./firmware/at32f403a_407_dma.o
                0x08002380                dma_channel_enable
 *fill*         0x080023aa        0x2 
 .text.dma_flag_get
                0x080023ac       0x50 ./firmware/at32f403a_407_dma.o
                0x080023ac                dma_flag_get
 .text.dma_flag_clear
                0x080023fc       0x38 ./firmware/at32f403a_407_dma.o
                0x080023fc                dma_flag_clear
 .text.dma_default_para_init
                0x08002434       0x50 ./firmware/at32f403a_407_dma.o
                0x08002434                dma_default_para_init
 .text.dma_init
                0x08002484       0xc4 ./firmware/at32f403a_407_dma.o
                0x08002484                dma_init
 .text.exint_flag_clear
                0x08002548       0x3c ./firmware/at32f403a_407_exint.o
                0x08002548                exint_flag_clear
 .text.gpio_init
                0x08002584      0x138 ./firmware/at32f403a_407_gpio.o
                0x08002584                gpio_init
 .text.gpio_default_para_init
                0x080026bc       0x34 ./firmware/at32f403a_407_gpio.o
                0x080026bc                gpio_default_para_init
 .text.gpio_input_data_bit_read
                0x080026f0       0x36 ./firmware/at32f403a_407_gpio.o
                0x080026f0                gpio_input_data_bit_read
 .text.gpio_bits_set
                0x08002726       0x1e ./firmware/at32f403a_407_gpio.o
                0x08002726                gpio_bits_set
 .text.gpio_pin_remap_config
                0x08002744       0x98 ./firmware/at32f403a_407_gpio.o
                0x08002744                gpio_pin_remap_config
 .text.__NVIC_SetPriorityGrouping
                0x080027dc       0x48 ./firmware/at32f403a_407_misc.o
 .text.nvic_priority_group_config
                0x08002824       0x1a ./firmware/at32f403a_407_misc.o
                0x08002824                nvic_priority_group_config
 *fill*         0x0800283e        0x2 
 .text.systick_clock_source_config
                0x08002840       0x3c ./firmware/at32f403a_407_misc.o
                0x08002840                systick_clock_source_config
 .text.usart_init
                0x0800287c       0xe0 ./firmware/at32f403a_407_usart.o
                0x0800287c                usart_init
 .text.usart_enable
                0x0800295c       0x2a ./firmware/at32f403a_407_usart.o
                0x0800295c                usart_enable
 .text.usart_transmitter_enable
                0x08002986       0x2a ./firmware/at32f403a_407_usart.o
                0x08002986                usart_transmitter_enable
 .text.usart_data_transmit
                0x080029b0       0x22 ./firmware/at32f403a_407_usart.o
                0x080029b0                usart_data_transmit
 .text.usart_flag_get
                0x080029d2       0x28 ./firmware/at32f403a_407_usart.o
                0x080029d2                usart_flag_get
 .text.xmc_nor_sram_init
                0x080029fa       0x8a ./firmware/at32f403a_407_xmc.o
                0x080029fa                xmc_nor_sram_init
 .text.xmc_nor_sram_timing_config
                0x08002a84       0xba ./firmware/at32f403a_407_xmc.o
                0x08002a84                xmc_nor_sram_timing_config
 .text.xmc_norsram_default_para_init
                0x08002b3e       0x66 ./firmware/at32f403a_407_xmc.o
                0x08002b3e                xmc_norsram_default_para_init
 .text.xmc_norsram_timing_default_para_init
                0x08002ba4       0x82 ./firmware/at32f403a_407_xmc.o
                0x08002ba4                xmc_norsram_timing_default_para_init
 .text.xmc_nor_sram_enable
                0x08002c26       0x36 ./firmware/at32f403a_407_xmc.o
                0x08002c26                xmc_nor_sram_enable
 .text.xmc_ext_timing_config
                0x08002c5c       0x56 ./firmware/at32f403a_407_xmc.o
                0x08002c5c                xmc_ext_timing_config
 *fill*         0x08002cb2        0x2 
 .text.Reset_Handler
                0x08002cb4       0x48 ./cmsis/startup_at32f403a_407.o
                0x08002cb4                Reset_Handler
 .text.Default_Handler
                0x08002cfc        0x2 ./cmsis/startup_at32f403a_407.o
                0x08002cfc                SDIO1_IRQHandler
                0x08002cfc                XMC_IRQHandler
                0x08002cfc                EXINT2_IRQHandler
                0x08002cfc                USBFS_L_CAN1_RX0_IRQHandler
                0x08002cfc                UART8_IRQHandler
                0x08002cfc                SPI4_IRQHandler
                0x08002cfc                I2C2_EVT_IRQHandler
                0x08002cfc                TMR1_OVF_TMR10_IRQHandler
                0x08002cfc                TMR8_TRG_HALL_TMR14_IRQHandler
                0x08002cfc                USBFS_H_CAN1_TX_IRQHandler
                0x08002cfc                I2C1_ERR_IRQHandler
                0x08002cfc                EXINT9_5_IRQHandler
                0x08002cfc                EMAC_IRQHandler
                0x08002cfc                CAN2_RX1_IRQHandler
                0x08002cfc                TMR5_GLOBAL_IRQHandler
                0x08002cfc                SDIO2_IRQHandler
                0x08002cfc                ADC1_2_IRQHandler
                0x08002cfc                SPI1_IRQHandler
                0x08002cfc                TAMPER_IRQHandler
                0x08002cfc                CAN2_RX0_IRQHandler
                0x08002cfc                DMA2_Channel2_IRQHandler
                0x08002cfc                DMA1_Channel4_IRQHandler
                0x08002cfc                TMR8_CH_IRQHandler
                0x08002cfc                USART6_IRQHandler
                0x08002cfc                USART3_IRQHandler
                0x08002cfc                RTC_IRQHandler
                0x08002cfc                DMA1_Channel7_IRQHandler
                0x08002cfc                CAN1_RX1_IRQHandler
                0x08002cfc                UART5_IRQHandler
                0x08002cfc                ADC3_IRQHandler
                0x08002cfc                ACC_IRQHandler
                0x08002cfc                EMAC_WKUP_IRQHandler
                0x08002cfc                DMA2_Channel1_IRQHandler
                0x08002cfc                EXINT3_IRQHandler
                0x08002cfc                DMA1_Channel6_IRQHandler
                0x08002cfc                UART4_IRQHandler
                0x08002cfc                DMA1_Channel1_IRQHandler
                0x08002cfc                Default_Handler
                0x08002cfc                USBFS_MAPH_IRQHandler
                0x08002cfc                TMR3_GLOBAL_IRQHandler
                0x08002cfc                TMR7_GLOBAL_IRQHandler
                0x08002cfc                CAN1_SE_IRQHandler
                0x08002cfc                CAN2_TX_IRQHandler
                0x08002cfc                I2C3_ERR_IRQHandler
                0x08002cfc                SPI3_I2S3EXT_IRQHandler
                0x08002cfc                TMR1_BRK_TMR9_IRQHandler
                0x08002cfc                USBFS_MAPL_IRQHandler
                0x08002cfc                TMR8_BRK_TMR12_IRQHandler
                0x08002cfc                TMR1_TRG_HALL_TMR11_IRQHandler
                0x08002cfc                DMA1_Channel5_IRQHandler
                0x08002cfc                TMR4_GLOBAL_IRQHandler
                0x08002cfc                EXINT4_IRQHandler
                0x08002cfc                CAN2_SE_IRQHandler
                0x08002cfc                DMA2_Channel6_7_IRQHandler
                0x08002cfc                PVM_IRQHandler
                0x08002cfc                I2C3_EVT_IRQHandler
                0x08002cfc                DMA1_Channel3_IRQHandler
                0x08002cfc                I2C1_EVT_IRQHandler
                0x08002cfc                TMR8_OVF_TMR13_IRQHandler
                0x08002cfc                TMR6_GLOBAL_IRQHandler
                0x08002cfc                EXINT1_IRQHandler
                0x08002cfc                RTCAlarm_IRQHandler
                0x08002cfc                DMA2_Channel4_5_IRQHandler
                0x08002cfc                UART7_IRQHandler
                0x08002cfc                USART2_IRQHandler
                0x08002cfc                DMA1_Channel2_IRQHandler
                0x08002cfc                TMR2_GLOBAL_IRQHandler
                0x08002cfc                FLASH_IRQHandler
                0x08002cfc                SPI2_I2S2EXT_IRQHandler
                0x08002cfc                I2C2_ERR_IRQHandler
                0x08002cfc                USBFSWakeUp_IRQHandler
                0x08002cfc                USART1_IRQHandler
                0x08002cfc                TMR1_CH_IRQHandler
                0x08002cfc                CRM_IRQHandler
                0x08002cfc                EXINT15_10_IRQHandler
                0x08002cfc                WWDT_IRQHandler
                0x08002cfc                DMA2_Channel3_IRQHandler
 *fill*         0x08002cfe        0x2 
 .text.SystemInit
                0x08002d00       0x88 ./cmsis/system_at32f403a_407.o
                0x08002d00                SystemInit
 .text.system_core_clock_update
                0x08002d88      0x150 ./cmsis/system_at32f403a_407.o
                0x08002d88                system_core_clock_update
 .text._write   0x08002ed8       0x60 ./bsp/at32f403a_407_board.o
                0x08002ed8                _write
 .text.at32_board_init
                0x08002f38       0x34 ./bsp/at32f403a_407_board.o
                0x08002f38                at32_board_init
 .text.at32_button_init
                0x08002f6c       0x44 ./bsp/at32f403a_407_board.o
                0x08002f6c                at32_button_init
 .text.at32_led_init
                0x08002fb0       0x68 ./bsp/at32f403a_407_board.o
                0x08002fb0                at32_led_init
 .text.at32_led_on
                0x08003018       0x48 ./bsp/at32f403a_407_board.o
                0x08003018                at32_led_on
 .text.at32_led_off
                0x08003060       0x48 ./bsp/at32f403a_407_board.o
                0x08003060                at32_led_off
 .text.delay_init
                0x080030a8       0x40 ./bsp/at32f403a_407_board.o
                0x080030a8                delay_init
 .text.delay_ms
                0x080030e8       0x98 ./bsp/at32f403a_407_board.o
                0x080030e8                delay_ms
 .text.delay_sec
                0x08003180       0x38 ./bsp/at32f403a_407_board.o
                0x08003180                delay_sec
 .text.__libc_init_array
                0x080031b8       0x48 d:/at32ide/platform/tools/gcc-arm-none-eabi-10.3-2021.10/bin/../lib/gcc/arm-none-eabi/10.3.1/../../../../arm-none-eabi/lib/thumb/v7e-m+fp/hard\libg_nano.a(lib_a-init.o)
                0x080031b8                __libc_init_array
 .text.memset   0x08003200       0x10 d:/at32ide/platform/tools/gcc-arm-none-eabi-10.3-2021.10/bin/../lib/gcc/arm-none-eabi/10.3.1/../../../../arm-none-eabi/lib/thumb/v7e-m+fp/hard\libg_nano.a(lib_a-memset.o)
                0x08003200                memset
 .text.printf   0x08003210       0x30 d:/at32ide/platform/tools/gcc-arm-none-eabi-10.3-2021.10/bin/../lib/gcc/arm-none-eabi/10.3.1/../../../../arm-none-eabi/lib/thumb/v7e-m+fp/hard\libg_nano.a(lib_a-printf.o)
                0x08003210                iprintf
                0x08003210                printf
 .text._puts_r  0x08003240       0xdc d:/at32ide/platform/tools/gcc-arm-none-eabi-10.3-2021.10/bin/../lib/gcc/arm-none-eabi/10.3.1/../../../../arm-none-eabi/lib/thumb/v7e-m+fp/hard\libg_nano.a(lib_a-puts.o)
                0x08003240                _puts_r
 .text.puts     0x0800331c       0x10 d:/at32ide/platform/tools/gcc-arm-none-eabi-10.3-2021.10/bin/../lib/gcc/arm-none-eabi/10.3.1/../../../../arm-none-eabi/lib/thumb/v7e-m+fp/hard\libg_nano.a(lib_a-puts.o)
                0x0800331c                puts
 .text.sprintf  0x0800332c       0x40 d:/at32ide/platform/tools/gcc-arm-none-eabi-10.3-2021.10/bin/../lib/gcc/arm-none-eabi/10.3.1/../../../../arm-none-eabi/lib/thumb/v7e-m+fp/hard\libg_nano.a(lib_a-sprintf.o)
                0x0800332c                siprintf
                0x0800332c                sprintf
 .text.__swbuf_r
                0x0800336c       0xa4 d:/at32ide/platform/tools/gcc-arm-none-eabi-10.3-2021.10/bin/../lib/gcc/arm-none-eabi/10.3.1/../../../../arm-none-eabi/lib/thumb/v7e-m+fp/hard\libg_nano.a(lib_a-wbuf.o)
                0x0800336c                __swbuf_r
 .text.__swsetup_r
                0x08003410       0xdc d:/at32ide/platform/tools/gcc-arm-none-eabi-10.3-2021.10/bin/../lib/gcc/arm-none-eabi/10.3.1/../../../../arm-none-eabi/lib/thumb/v7e-m+fp/hard\libg_nano.a(lib_a-wsetup.o)
                0x08003410                __swsetup_r
 .text.__sflush_r
                0x080034ec      0x10c d:/at32ide/platform/tools/gcc-arm-none-eabi-10.3-2021.10/bin/../lib/gcc/arm-none-eabi/10.3.1/../../../../arm-none-eabi/lib/thumb/v7e-m+fp/hard\libg_nano.a(lib_a-fflush.o)
                0x080034ec                __sflush_r
 .text._fflush_r
                0x080035f8       0x78 d:/at32ide/platform/tools/gcc-arm-none-eabi-10.3-2021.10/bin/../lib/gcc/arm-none-eabi/10.3.1/../../../../arm-none-eabi/lib/thumb/v7e-m+fp/hard\libg_nano.a(lib_a-fflush.o)
                0x080035f8                _fflush_r
 .text.std      0x08003670       0x48 d:/at32ide/platform/tools/gcc-arm-none-eabi-10.3-2021.10/bin/../lib/gcc/arm-none-eabi/10.3.1/../../../../arm-none-eabi/lib/thumb/v7e-m+fp/hard\libg_nano.a(lib_a-findfp.o)
 .text._cleanup_r
                0x080036b8        0xc d:/at32ide/platform/tools/gcc-arm-none-eabi-10.3-2021.10/bin/../lib/gcc/arm-none-eabi/10.3.1/../../../../arm-none-eabi/lib/thumb/v7e-m+fp/hard\libg_nano.a(lib_a-findfp.o)
                0x080036b8                _cleanup_r
 .text.__sfmoreglue
                0x080036c4       0x2c d:/at32ide/platform/tools/gcc-arm-none-eabi-10.3-2021.10/bin/../lib/gcc/arm-none-eabi/10.3.1/../../../../arm-none-eabi/lib/thumb/v7e-m+fp/hard\libg_nano.a(lib_a-findfp.o)
                0x080036c4                __sfmoreglue
 .text.__sfp_lock_acquire
                0x080036f0        0xc d:/at32ide/platform/tools/gcc-arm-none-eabi-10.3-2021.10/bin/../lib/gcc/arm-none-eabi/10.3.1/../../../../arm-none-eabi/lib/thumb/v7e-m+fp/hard\libg_nano.a(lib_a-findfp.o)
                0x080036f0                __sfp_lock_acquire
 .text.__sfp_lock_release
                0x080036fc        0xc d:/at32ide/platform/tools/gcc-arm-none-eabi-10.3-2021.10/bin/../lib/gcc/arm-none-eabi/10.3.1/../../../../arm-none-eabi/lib/thumb/v7e-m+fp/hard\libg_nano.a(lib_a-findfp.o)
                0x080036fc                __sfp_lock_release
 .text.__sinit_lock_acquire
                0x08003708        0xc d:/at32ide/platform/tools/gcc-arm-none-eabi-10.3-2021.10/bin/../lib/gcc/arm-none-eabi/10.3.1/../../../../arm-none-eabi/lib/thumb/v7e-m+fp/hard\libg_nano.a(lib_a-findfp.o)
                0x08003708                __sinit_lock_acquire
 .text.__sinit_lock_release
                0x08003714        0xc d:/at32ide/platform/tools/gcc-arm-none-eabi-10.3-2021.10/bin/../lib/gcc/arm-none-eabi/10.3.1/../../../../arm-none-eabi/lib/thumb/v7e-m+fp/hard\libg_nano.a(lib_a-findfp.o)
                0x08003714                __sinit_lock_release
 .text.__sinit  0x08003720       0x70 d:/at32ide/platform/tools/gcc-arm-none-eabi-10.3-2021.10/bin/../lib/gcc/arm-none-eabi/10.3.1/../../../../arm-none-eabi/lib/thumb/v7e-m+fp/hard\libg_nano.a(lib_a-findfp.o)
                0x08003720                __sinit
 .text.__sfp    0x08003790       0x8c d:/at32ide/platform/tools/gcc-arm-none-eabi-10.3-2021.10/bin/../lib/gcc/arm-none-eabi/10.3.1/../../../../arm-none-eabi/lib/thumb/v7e-m+fp/hard\libg_nano.a(lib_a-findfp.o)
                0x08003790                __sfp
 .text._fwalk_reent
                0x0800381c       0x3e d:/at32ide/platform/tools/gcc-arm-none-eabi-10.3-2021.10/bin/../lib/gcc/arm-none-eabi/10.3.1/../../../../arm-none-eabi/lib/thumb/v7e-m+fp/hard\libg_nano.a(lib_a-fwalk.o)
                0x0800381c                _fwalk_reent
 .text.__retarget_lock_init_recursive
                0x0800385a        0x2 d:/at32ide/platform/tools/gcc-arm-none-eabi-10.3-2021.10/bin/../lib/gcc/arm-none-eabi/10.3.1/../../../../arm-none-eabi/lib/thumb/v7e-m+fp/hard\libg_nano.a(lib_a-lock.o)
                0x0800385a                __retarget_lock_init_recursive
 .text.__retarget_lock_acquire_recursive
                0x0800385c        0x2 d:/at32ide/platform/tools/gcc-arm-none-eabi-10.3-2021.10/bin/../lib/gcc/arm-none-eabi/10.3.1/../../../../arm-none-eabi/lib/thumb/v7e-m+fp/hard\libg_nano.a(lib_a-lock.o)
                0x0800385c                __retarget_lock_acquire_recursive
 .text.__retarget_lock_release_recursive
                0x0800385e        0x2 d:/at32ide/platform/tools/gcc-arm-none-eabi-10.3-2021.10/bin/../lib/gcc/arm-none-eabi/10.3.1/../../../../arm-none-eabi/lib/thumb/v7e-m+fp/hard\libg_nano.a(lib_a-lock.o)
                0x0800385e                __retarget_lock_release_recursive
 .text.__swhatbuf_r
                0x08003860       0x4a d:/at32ide/platform/tools/gcc-arm-none-eabi-10.3-2021.10/bin/../lib/gcc/arm-none-eabi/10.3.1/../../../../arm-none-eabi/lib/thumb/v7e-m+fp/hard\libg_nano.a(lib_a-makebuf.o)
                0x08003860                __swhatbuf_r
 *fill*         0x080038aa        0x2 
 .text.__smakebuf_r
                0x080038ac       0x80 d:/at32ide/platform/tools/gcc-arm-none-eabi-10.3-2021.10/bin/../lib/gcc/arm-none-eabi/10.3.1/../../../../arm-none-eabi/lib/thumb/v7e-m+fp/hard\libg_nano.a(lib_a-makebuf.o)
                0x080038ac                __smakebuf_r
 .text._free_r  0x0800392c       0x98 d:/at32ide/platform/tools/gcc-arm-none-eabi-10.3-2021.10/bin/../lib/gcc/arm-none-eabi/10.3.1/../../../../arm-none-eabi/lib/thumb/v7e-m+fp/hard\libg_nano.a(lib_a-nano-freer.o)
                0x0800392c                _free_r
 .text.sbrk_aligned
                0x080039c4       0x40 d:/at32ide/platform/tools/gcc-arm-none-eabi-10.3-2021.10/bin/../lib/gcc/arm-none-eabi/10.3.1/../../../../arm-none-eabi/lib/thumb/v7e-m+fp/hard\libg_nano.a(lib_a-nano-mallocr.o)
 .text._malloc_r
                0x08003a04       0xe8 d:/at32ide/platform/tools/gcc-arm-none-eabi-10.3-2021.10/bin/../lib/gcc/arm-none-eabi/10.3.1/../../../../arm-none-eabi/lib/thumb/v7e-m+fp/hard\libg_nano.a(lib_a-nano-mallocr.o)
                0x08003a04                _malloc_r
 .text.__ssputs_r
                0x08003aec       0xb6 d:/at32ide/platform/tools/gcc-arm-none-eabi-10.3-2021.10/bin/../lib/gcc/arm-none-eabi/10.3.1/../../../../arm-none-eabi/lib/thumb/v7e-m+fp/hard\libg_nano.a(lib_a-nano-svfprintf.o)
                0x08003aec                __ssputs_r
 *fill*         0x08003ba2        0x2 
 .text._svfprintf_r
                0x08003ba4      0x200 d:/at32ide/platform/tools/gcc-arm-none-eabi-10.3-2021.10/bin/../lib/gcc/arm-none-eabi/10.3.1/../../../../arm-none-eabi/lib/thumb/v7e-m+fp/hard\libg_nano.a(lib_a-nano-svfprintf.o)
                0x08003ba4                _svfiprintf_r
                0x08003ba4                _svfprintf_r
 .text.__sfputc_r
                0x08003da4       0x2e d:/at32ide/platform/tools/gcc-arm-none-eabi-10.3-2021.10/bin/../lib/gcc/arm-none-eabi/10.3.1/../../../../arm-none-eabi/lib/thumb/v7e-m+fp/hard\libg_nano.a(lib_a-nano-vfprintf.o)
 .text.__sfputs_r
                0x08003dd2       0x24 d:/at32ide/platform/tools/gcc-arm-none-eabi-10.3-2021.10/bin/../lib/gcc/arm-none-eabi/10.3.1/../../../../arm-none-eabi/lib/thumb/v7e-m+fp/hard\libg_nano.a(lib_a-nano-vfprintf.o)
                0x08003dd2                __sfputs_r
 *fill*         0x08003df6        0x2 
 .text._vfprintf_r
                0x08003df8      0x260 d:/at32ide/platform/tools/gcc-arm-none-eabi-10.3-2021.10/bin/../lib/gcc/arm-none-eabi/10.3.1/../../../../arm-none-eabi/lib/thumb/v7e-m+fp/hard\libg_nano.a(lib_a-nano-vfprintf.o)
                0x08003df8                _vfprintf_r
                0x08003df8                _vfiprintf_r
 .text._printf_common
                0x08004058       0xda d:/at32ide/platform/tools/gcc-arm-none-eabi-10.3-2021.10/bin/../lib/gcc/arm-none-eabi/10.3.1/../../../../arm-none-eabi/lib/thumb/v7e-m+fp/hard\libg_nano.a(lib_a-nano-vfprintf_i.o)
                0x08004058                _printf_common
 *fill*         0x08004132        0x2 
 .text._printf_i
                0x08004134      0x24c d:/at32ide/platform/tools/gcc-arm-none-eabi-10.3-2021.10/bin/../lib/gcc/arm-none-eabi/10.3.1/../../../../arm-none-eabi/lib/thumb/v7e-m+fp/hard\libg_nano.a(lib_a-nano-vfprintf_i.o)
                0x08004134                _printf_i
 .text._sbrk_r  0x08004380       0x20 d:/at32ide/platform/tools/gcc-arm-none-eabi-10.3-2021.10/bin/../lib/gcc/arm-none-eabi/10.3.1/../../../../arm-none-eabi/lib/thumb/v7e-m+fp/hard\libg_nano.a(lib_a-sbrkr.o)
                0x08004380                _sbrk_r
 .text.__sread  0x080043a0       0x22 d:/at32ide/platform/tools/gcc-arm-none-eabi-10.3-2021.10/bin/../lib/gcc/arm-none-eabi/10.3.1/../../../../arm-none-eabi/lib/thumb/v7e-m+fp/hard\libg_nano.a(lib_a-stdio.o)
                0x080043a0                __sread
 .text.__swrite
                0x080043c2       0x38 d:/at32ide/platform/tools/gcc-arm-none-eabi-10.3-2021.10/bin/../lib/gcc/arm-none-eabi/10.3.1/../../../../arm-none-eabi/lib/thumb/v7e-m+fp/hard\libg_nano.a(lib_a-stdio.o)
                0x080043c2                __swrite
 .text.__sseek  0x080043fa       0x24 d:/at32ide/platform/tools/gcc-arm-none-eabi-10.3-2021.10/bin/../lib/gcc/arm-none-eabi/10.3.1/../../../../arm-none-eabi/lib/thumb/v7e-m+fp/hard\libg_nano.a(lib_a-stdio.o)
                0x080043fa                __sseek
 .text.__sclose
                0x0800441e        0x8 d:/at32ide/platform/tools/gcc-arm-none-eabi-10.3-2021.10/bin/../lib/gcc/arm-none-eabi/10.3.1/../../../../arm-none-eabi/lib/thumb/v7e-m+fp/hard\libg_nano.a(lib_a-stdio.o)
                0x0800441e                __sclose
 *fill*         0x08004426        0x2 
 .text._write_r
                0x08004428       0x24 d:/at32ide/platform/tools/gcc-arm-none-eabi-10.3-2021.10/bin/../lib/gcc/arm-none-eabi/10.3.1/../../../../arm-none-eabi/lib/thumb/v7e-m+fp/hard\libg_nano.a(lib_a-writer.o)
                0x08004428                _write_r
 .text._close_r
                0x0800444c       0x20 d:/at32ide/platform/tools/gcc-arm-none-eabi-10.3-2021.10/bin/../lib/gcc/arm-none-eabi/10.3.1/../../../../arm-none-eabi/lib/thumb/v7e-m+fp/hard\libg_nano.a(lib_a-closer.o)
                0x0800444c                _close_r
 .text._fstat_r
                0x0800446c       0x24 d:/at32ide/platform/tools/gcc-arm-none-eabi-10.3-2021.10/bin/../lib/gcc/arm-none-eabi/10.3.1/../../../../arm-none-eabi/lib/thumb/v7e-m+fp/hard\libg_nano.a(lib_a-fstatr.o)
                0x0800446c                _fstat_r
 .text._isatty_r
                0x08004490       0x20 d:/at32ide/platform/tools/gcc-arm-none-eabi-10.3-2021.10/bin/../lib/gcc/arm-none-eabi/10.3.1/../../../../arm-none-eabi/lib/thumb/v7e-m+fp/hard\libg_nano.a(lib_a-isattyr.o)
                0x08004490                _isatty_r
 .text._lseek_r
                0x080044b0       0x24 d:/at32ide/platform/tools/gcc-arm-none-eabi-10.3-2021.10/bin/../lib/gcc/arm-none-eabi/10.3.1/../../../../arm-none-eabi/lib/thumb/v7e-m+fp/hard\libg_nano.a(lib_a-lseekr.o)
                0x080044b0                _lseek_r
 .text.memcpy   0x080044d4       0x1c d:/at32ide/platform/tools/gcc-arm-none-eabi-10.3-2021.10/bin/../lib/gcc/arm-none-eabi/10.3.1/../../../../arm-none-eabi/lib/thumb/v7e-m+fp/hard\libg_nano.a(lib_a-memcpy-stub.o)
                0x080044d4                memcpy
 .text.memmove  0x080044f0       0x34 d:/at32ide/platform/tools/gcc-arm-none-eabi-10.3-2021.10/bin/../lib/gcc/arm-none-eabi/10.3.1/../../../../arm-none-eabi/lib/thumb/v7e-m+fp/hard\libg_nano.a(lib_a-memmove.o)
                0x080044f0                memmove
 .text.__malloc_lock
                0x08004524        0xc d:/at32ide/platform/tools/gcc-arm-none-eabi-10.3-2021.10/bin/../lib/gcc/arm-none-eabi/10.3.1/../../../../arm-none-eabi/lib/thumb/v7e-m+fp/hard\libg_nano.a(lib_a-mlock.o)
                0x08004524                __malloc_lock
 .text.__malloc_unlock
                0x08004530        0xc d:/at32ide/platform/tools/gcc-arm-none-eabi-10.3-2021.10/bin/../lib/gcc/arm-none-eabi/10.3.1/../../../../arm-none-eabi/lib/thumb/v7e-m+fp/hard\libg_nano.a(lib_a-mlock.o)
                0x08004530                __malloc_unlock
 .text._realloc_r
                0x0800453c       0x5e d:/at32ide/platform/tools/gcc-arm-none-eabi-10.3-2021.10/bin/../lib/gcc/arm-none-eabi/10.3.1/../../../../arm-none-eabi/lib/thumb/v7e-m+fp/hard\libg_nano.a(lib_a-nano-reallocr.o)
                0x0800453c                _realloc_r
 *fill*         0x0800459a        0x2 
 .text._read_r  0x0800459c       0x24 d:/at32ide/platform/tools/gcc-arm-none-eabi-10.3-2021.10/bin/../lib/gcc/arm-none-eabi/10.3.1/../../../../arm-none-eabi/lib/thumb/v7e-m+fp/hard\libg_nano.a(lib_a-readr.o)
                0x0800459c                _read_r
 .text._malloc_usable_size_r
                0x080045c0       0x10 d:/at32ide/platform/tools/gcc-arm-none-eabi-10.3-2021.10/bin/../lib/gcc/arm-none-eabi/10.3.1/../../../../arm-none-eabi/lib/thumb/v7e-m+fp/hard\libg_nano.a(lib_a-nano-msizer.o)
                0x080045c0                _malloc_usable_size_r
 .text._close   0x080045d0       0x10 d:/at32ide/platform/tools/gcc-arm-none-eabi-10.3-2021.10/bin/../lib/gcc/arm-none-eabi/10.3.1/../../../../arm-none-eabi/lib/thumb/v7e-m+fp/hard\libnosys.a(close.o)
                0x080045d0                _close
 .text._fstat   0x080045e0       0x10 d:/at32ide/platform/tools/gcc-arm-none-eabi-10.3-2021.10/bin/../lib/gcc/arm-none-eabi/10.3.1/../../../../arm-none-eabi/lib/thumb/v7e-m+fp/hard\libnosys.a(fstat.o)
                0x080045e0                _fstat
 .text._isatty  0x080045f0       0x10 d:/at32ide/platform/tools/gcc-arm-none-eabi-10.3-2021.10/bin/../lib/gcc/arm-none-eabi/10.3.1/../../../../arm-none-eabi/lib/thumb/v7e-m+fp/hard\libnosys.a(isatty.o)
                0x080045f0                _isatty
 .text._lseek   0x08004600       0x10 d:/at32ide/platform/tools/gcc-arm-none-eabi-10.3-2021.10/bin/../lib/gcc/arm-none-eabi/10.3.1/../../../../arm-none-eabi/lib/thumb/v7e-m+fp/hard\libnosys.a(lseek.o)
                0x08004600                _lseek
 .text._read    0x08004610       0x10 d:/at32ide/platform/tools/gcc-arm-none-eabi-10.3-2021.10/bin/../lib/gcc/arm-none-eabi/10.3.1/../../../../arm-none-eabi/lib/thumb/v7e-m+fp/hard\libnosys.a(read.o)
                0x08004610                _read
 .text._sbrk    0x08004620       0x1c d:/at32ide/platform/tools/gcc-arm-none-eabi-10.3-2021.10/bin/../lib/gcc/arm-none-eabi/10.3.1/../../../../arm-none-eabi/lib/thumb/v7e-m+fp/hard\libnosys.a(sbrk.o)
                0x08004620                _sbrk
 *(.glue_7)
 .glue_7        0x0800463c        0x0 linker stubs
 *(.glue_7t)
 .glue_7t       0x0800463c        0x0 linker stubs
 *(.eh_frame)
 .eh_frame      0x0800463c        0x0 d:/at32ide/platform/tools/gcc-arm-none-eabi-10.3-2021.10/bin/../lib/gcc/arm-none-eabi/10.3.1/thumb/v7e-m+fp/hard/crtbegin.o
 *(.init)
 .init          0x0800463c        0x4 d:/at32ide/platform/tools/gcc-arm-none-eabi-10.3-2021.10/bin/../lib/gcc/arm-none-eabi/10.3.1/thumb/v7e-m+fp/hard/crti.o
                0x0800463c                _init
 .init          0x08004640        0x8 d:/at32ide/platform/tools/gcc-arm-none-eabi-10.3-2021.10/bin/../lib/gcc/arm-none-eabi/10.3.1/thumb/v7e-m+fp/hard/crtn.o
 *(.fini)
 .fini          0x08004648        0x4 d:/at32ide/platform/tools/gcc-arm-none-eabi-10.3-2021.10/bin/../lib/gcc/arm-none-eabi/10.3.1/thumb/v7e-m+fp/hard/crti.o
                0x08004648                _fini
 .fini          0x0800464c        0x8 d:/at32ide/platform/tools/gcc-arm-none-eabi-10.3-2021.10/bin/../lib/gcc/arm-none-eabi/10.3.1/thumb/v7e-m+fp/hard/crtn.o
                0x08004654                . = ALIGN (0x4)
                0x08004654                _etext = .

.vfp11_veneer   0x08004654        0x0
 .vfp11_veneer  0x08004654        0x0 linker stubs

.v4_bx          0x08004654        0x0
 .v4_bx         0x08004654        0x0 linker stubs

.iplt           0x08004654        0x0
 .iplt          0x08004654        0x0 d:/at32ide/platform/tools/gcc-arm-none-eabi-10.3-2021.10/bin/../lib/gcc/arm-none-eabi/10.3.1/thumb/v7e-m+fp/hard/crtbegin.o

.rodata         0x08004654      0x164
                0x08004654                . = ALIGN (0x4)
 *(.rodata)
 .rodata        0x08004654       0x5b ./user/main.o
 *fill*         0x080046af        0x1 
 .rodata        0x080046b0       0x37 ./user/xmc_lcd.o
 *fill*         0x080046e7        0x1 
 .rodata        0x080046e8       0x28 ./firmware/at32f403a_407_crm.o
 .rodata        0x08004710       0x10 ./cmsis/system_at32f403a_407.o
 *(.rodata*)
 .rodata._global_impure_ptr
                0x08004720        0x4 d:/at32ide/platform/tools/gcc-arm-none-eabi-10.3-2021.10/bin/../lib/gcc/arm-none-eabi/10.3.1/../../../../arm-none-eabi/lib/thumb/v7e-m+fp/hard\libg_nano.a(lib_a-impure.o)
                0x08004720                _global_impure_ptr
 .rodata.__sf_fake_stderr
                0x08004724       0x20 d:/at32ide/platform/tools/gcc-arm-none-eabi-10.3-2021.10/bin/../lib/gcc/arm-none-eabi/10.3.1/../../../../arm-none-eabi/lib/thumb/v7e-m+fp/hard\libg_nano.a(lib_a-findfp.o)
                0x08004724                __sf_fake_stderr
 .rodata.__sf_fake_stdin
                0x08004744       0x20 d:/at32ide/platform/tools/gcc-arm-none-eabi-10.3-2021.10/bin/../lib/gcc/arm-none-eabi/10.3.1/../../../../arm-none-eabi/lib/thumb/v7e-m+fp/hard\libg_nano.a(lib_a-findfp.o)
                0x08004744                __sf_fake_stdin
 .rodata.__sf_fake_stdout
                0x08004764       0x20 d:/at32ide/platform/tools/gcc-arm-none-eabi-10.3-2021.10/bin/../lib/gcc/arm-none-eabi/10.3.1/../../../../arm-none-eabi/lib/thumb/v7e-m+fp/hard\libg_nano.a(lib_a-findfp.o)
                0x08004764                __sf_fake_stdout
 .rodata._svfprintf_r.str1.1
                0x08004784       0x11 d:/at32ide/platform/tools/gcc-arm-none-eabi-10.3-2021.10/bin/../lib/gcc/arm-none-eabi/10.3.1/../../../../arm-none-eabi/lib/thumb/v7e-m+fp/hard\libg_nano.a(lib_a-nano-svfprintf.o)
 .rodata._vfprintf_r.str1.1
                0x08004795       0x11 d:/at32ide/platform/tools/gcc-arm-none-eabi-10.3-2021.10/bin/../lib/gcc/arm-none-eabi/10.3.1/../../../../arm-none-eabi/lib/thumb/v7e-m+fp/hard\libg_nano.a(lib_a-nano-vfprintf.o)
 .rodata._printf_i.str1.1
                0x08004795       0x22 d:/at32ide/platform/tools/gcc-arm-none-eabi-10.3-2021.10/bin/../lib/gcc/arm-none-eabi/10.3.1/../../../../arm-none-eabi/lib/thumb/v7e-m+fp/hard\libg_nano.a(lib_a-nano-vfprintf_i.o)
                0x080047b8                . = ALIGN (0x4)
 *fill*         0x080047b7        0x1 

.rel.dyn        0x080047b8        0x0
 .rel.iplt      0x080047b8        0x0 d:/at32ide/platform/tools/gcc-arm-none-eabi-10.3-2021.10/bin/../lib/gcc/arm-none-eabi/10.3.1/thumb/v7e-m+fp/hard/crtbegin.o

.ARM.extab
 *(.ARM.extab* .gnu.linkonce.armextab.*)

.ARM            0x080047b8        0x0
                0x080047b8                __exidx_start = .
 *(.ARM.exidx*)
                0x080047b8                __exidx_end = .

.preinit_array  0x080047b8        0x0
                0x080047b8                PROVIDE (__preinit_array_start = .)
 *(.preinit_array*)
                0x080047b8                PROVIDE (__preinit_array_end = .)

.init_array     0x080047b8        0x4
                0x080047b8                PROVIDE (__init_array_start = .)
 *(SORT_BY_NAME(.init_array.*))
 *(.init_array*)
 .init_array    0x080047b8        0x4 d:/at32ide/platform/tools/gcc-arm-none-eabi-10.3-2021.10/bin/../lib/gcc/arm-none-eabi/10.3.1/thumb/v7e-m+fp/hard/crtbegin.o
                0x080047bc                PROVIDE (__init_array_end = .)

.fini_array     0x080047bc        0x4
                [!provide]                PROVIDE (__fini_array_start = .)
 *(SORT_BY_NAME(.fini_array.*))
 *(.fini_array*)
 .fini_array    0x080047bc        0x4 d:/at32ide/platform/tools/gcc-arm-none-eabi-10.3-2021.10/bin/../lib/gcc/arm-none-eabi/10.3.1/thumb/v7e-m+fp/hard/crtbegin.o
                [!provide]                PROVIDE (__fini_array_end = .)
                0x080047c0                _sidata = LOADADDR (.data)

.data           0x20000000      0x4b0 load address 0x080047c0
                0x20000000                . = ALIGN (0x4)
                0x20000000                _sdata = .
 *(.data)
 .data          0x20000000        0x1 ./user/main.o
                0x20000000                g_speed
 *fill*         0x20000001        0x3 
 .data          0x20000004      0x420 ./user/xmc_lcd.o
                0x20000004                font8x8_basic_tr
                0x20000404                lcd_dev_struct
 .data          0x20000424        0x4 ./cmsis/system_at32f403a_407.o
                0x20000424                system_core_clock
 .data          0x20000428       0x21 ./bsp/at32f403a_407_board.o
                0x20000428                led_gpio_port
                0x20000434                led_gpio_pin
                0x2000043c                led_gpio_crm_clk
 *(.data*)
 *fill*         0x20000449        0x3 
 .data._impure_ptr
                0x2000044c        0x4 d:/at32ide/platform/tools/gcc-arm-none-eabi-10.3-2021.10/bin/../lib/gcc/arm-none-eabi/10.3.1/../../../../arm-none-eabi/lib/thumb/v7e-m+fp/hard\libg_nano.a(lib_a-impure.o)
                0x2000044c                _impure_ptr
 .data.impure_data
                0x20000450       0x60 d:/at32ide/platform/tools/gcc-arm-none-eabi-10.3-2021.10/bin/../lib/gcc/arm-none-eabi/10.3.1/../../../../arm-none-eabi/lib/thumb/v7e-m+fp/hard\libg_nano.a(lib_a-impure.o)
                0x200004b0                . = ALIGN (0x4)
                0x200004b0                _edata = .
                0x08400000                _spim_init_base = LOADADDR (.spim)
                0x00000000                _spim_init_length = SIZEOF (.spim)

.igot.plt       0x200004b0        0x0 load address 0x08004c70
 .igot.plt      0x200004b0        0x0 d:/at32ide/platform/tools/gcc-arm-none-eabi-10.3-2021.10/bin/../lib/gcc/arm-none-eabi/10.3.1/thumb/v7e-m+fp/hard/crtbegin.o

.spim           0x08400000        0x0
                0x08400000                . = ALIGN (0x4)
                0x08400000                _spim_start = .
 *(.spim)
 *(.spim*)
                0x08400000                . = ALIGN (0x4)
                0x08400000                _spim_end = .
                0x08400000                . = ALIGN (0x4)

.bss            0x200004b0       0x5c
                0x200004b0                _sbss = .
                0x200004b0                __bss_start__ = _sbss
 *(.bss)
 .bss           0x200004b0       0x1c d:/at32ide/platform/tools/gcc-arm-none-eabi-10.3-2021.10/bin/../lib/gcc/arm-none-eabi/10.3.1/thumb/v7e-m+fp/hard/crtbegin.o
 .bss           0x200004cc       0x1a ./user/main.o
                0x200004ce                adc1_ordinary_value
                0x200004d0                crm_clocks_freq_struct
                0x200004e4                point_color
 *fill*         0x200004e6        0x2 
 .bss           0x200004e8        0x8 ./user/xmc_lcd.o
                0x200004ec                lcd_struct
 .bss           0x200004f0        0x8 ./bsp/at32f403a_407_board.o
 *(.bss*)
 .bss.__lock___malloc_recursive_mutex
                0x200004f8        0x1 d:/at32ide/platform/tools/gcc-arm-none-eabi-10.3-2021.10/bin/../lib/gcc/arm-none-eabi/10.3.1/../../../../arm-none-eabi/lib/thumb/v7e-m+fp/hard\libg_nano.a(lib_a-lock.o)
                0x200004f8                __lock___malloc_recursive_mutex
 .bss.__lock___sfp_recursive_mutex
                0x200004f9        0x1 d:/at32ide/platform/tools/gcc-arm-none-eabi-10.3-2021.10/bin/../lib/gcc/arm-none-eabi/10.3.1/../../../../arm-none-eabi/lib/thumb/v7e-m+fp/hard\libg_nano.a(lib_a-lock.o)
                0x200004f9                __lock___sfp_recursive_mutex
 .bss.__lock___sinit_recursive_mutex
                0x200004fa        0x1 d:/at32ide/platform/tools/gcc-arm-none-eabi-10.3-2021.10/bin/../lib/gcc/arm-none-eabi/10.3.1/../../../../arm-none-eabi/lib/thumb/v7e-m+fp/hard\libg_nano.a(lib_a-lock.o)
                0x200004fa                __lock___sinit_recursive_mutex
 *fill*         0x200004fb        0x1 
 .bss.__malloc_free_list
                0x200004fc        0x4 d:/at32ide/platform/tools/gcc-arm-none-eabi-10.3-2021.10/bin/../lib/gcc/arm-none-eabi/10.3.1/../../../../arm-none-eabi/lib/thumb/v7e-m+fp/hard\libg_nano.a(lib_a-nano-mallocr.o)
                0x200004fc                __malloc_free_list
 .bss.__malloc_sbrk_start
                0x20000500        0x4 d:/at32ide/platform/tools/gcc-arm-none-eabi-10.3-2021.10/bin/../lib/gcc/arm-none-eabi/10.3.1/../../../../arm-none-eabi/lib/thumb/v7e-m+fp/hard\libg_nano.a(lib_a-nano-mallocr.o)
                0x20000500                __malloc_sbrk_start
 .bss.errno     0x20000504        0x4 d:/at32ide/platform/tools/gcc-arm-none-eabi-10.3-2021.10/bin/../lib/gcc/arm-none-eabi/10.3.1/../../../../arm-none-eabi/lib/thumb/v7e-m+fp/hard\libg_nano.a(lib_a-reent.o)
                0x20000504                errno
 .bss.heap_end.0
                0x20000508        0x4 d:/at32ide/platform/tools/gcc-arm-none-eabi-10.3-2021.10/bin/../lib/gcc/arm-none-eabi/10.3.1/../../../../arm-none-eabi/lib/thumb/v7e-m+fp/hard\libnosys.a(sbrk.o)
 *(COMMON)
                0x2000050c                . = ALIGN (0x4)
                0x2000050c                _ebss = .
                0x2000050c                __bss_end__ = _ebss

._user_heap_stack
                0x2000050c      0x604
                0x20000510                . = ALIGN (0x8)
 *fill*         0x2000050c        0x4 
                0x20000510                PROVIDE (end = .)
                [!provide]                PROVIDE (_end = .)
                0x20000710                . = (. + _Min_Heap_Size)
 *fill*         0x20000510      0x200 
                0x20000b10                . = (. + _Min_Stack_Size)
 *fill*         0x20000710      0x400 
                0x20000b10                . = ALIGN (0x8)

/DISCARD/
 libc.a(*)
 libm.a(*)
 libgcc.a(*)

.ARM.attributes
                0x00000000       0x30
 *(.ARM.attributes)
 .ARM.attributes
                0x00000000       0x1e d:/at32ide/platform/tools/gcc-arm-none-eabi-10.3-2021.10/bin/../lib/gcc/arm-none-eabi/10.3.1/thumb/v7e-m+fp/hard/crti.o
 .ARM.attributes
                0x0000001e       0x34 d:/at32ide/platform/tools/gcc-arm-none-eabi-10.3-2021.10/bin/../lib/gcc/arm-none-eabi/10.3.1/thumb/v7e-m+fp/hard/crtbegin.o
 .ARM.attributes
                0x00000052       0x34 ./user/at32f403a_407_clock.o
 .ARM.attributes
                0x00000086       0x34 ./user/at32f403a_407_int.o
 .ARM.attributes
                0x000000ba       0x34 ./user/main.o
 .ARM.attributes
                0x000000ee       0x34 ./user/xmc_lcd.o
 .ARM.attributes
                0x00000122       0x34 ./firmware/at32f403a_407_adc.o
 .ARM.attributes
                0x00000156       0x34 ./firmware/at32f403a_407_crm.o
 .ARM.attributes
                0x0000018a       0x34 ./firmware/at32f403a_407_dma.o
 .ARM.attributes
                0x000001be       0x34 ./firmware/at32f403a_407_exint.o
 .ARM.attributes
                0x000001f2       0x34 ./firmware/at32f403a_407_gpio.o
 .ARM.attributes
                0x00000226       0x34 ./firmware/at32f403a_407_misc.o
 .ARM.attributes
                0x0000025a       0x34 ./firmware/at32f403a_407_usart.o
 .ARM.attributes
                0x0000028e       0x34 ./firmware/at32f403a_407_xmc.o
 .ARM.attributes
                0x000002c2       0x21 ./cmsis/startup_at32f403a_407.o
 .ARM.attributes
                0x000002e3       0x34 ./cmsis/system_at32f403a_407.o
 .ARM.attributes
                0x00000317       0x34 ./bsp/at32f403a_407_board.o
 .ARM.attributes
                0x0000034b       0x1e d:/at32ide/platform/tools/gcc-arm-none-eabi-10.3-2021.10/bin/../lib/gcc/arm-none-eabi/10.3.1/thumb/v7e-m+fp/hard\libgcc.a(_arm_addsubdf3.o)
 .ARM.attributes
                0x00000369       0x1e d:/at32ide/platform/tools/gcc-arm-none-eabi-10.3-2021.10/bin/../lib/gcc/arm-none-eabi/10.3.1/thumb/v7e-m+fp/hard\libgcc.a(_arm_muldivdf3.o)
 .ARM.attributes
                0x00000387       0x1e d:/at32ide/platform/tools/gcc-arm-none-eabi-10.3-2021.10/bin/../lib/gcc/arm-none-eabi/10.3.1/thumb/v7e-m+fp/hard\libgcc.a(_arm_fixdfsi.o)
 .ARM.attributes
                0x000003a5       0x34 d:/at32ide/platform/tools/gcc-arm-none-eabi-10.3-2021.10/bin/../lib/gcc/arm-none-eabi/10.3.1/../../../../arm-none-eabi/lib/thumb/v7e-m+fp/hard\libg_nano.a(lib_a-impure.o)
 .ARM.attributes
                0x000003d9       0x34 d:/at32ide/platform/tools/gcc-arm-none-eabi-10.3-2021.10/bin/../lib/gcc/arm-none-eabi/10.3.1/../../../../arm-none-eabi/lib/thumb/v7e-m+fp/hard\libg_nano.a(lib_a-init.o)
 .ARM.attributes
                0x0000040d       0x34 d:/at32ide/platform/tools/gcc-arm-none-eabi-10.3-2021.10/bin/../lib/gcc/arm-none-eabi/10.3.1/../../../../arm-none-eabi/lib/thumb/v7e-m+fp/hard\libg_nano.a(lib_a-memset.o)
 .ARM.attributes
                0x00000441       0x34 d:/at32ide/platform/tools/gcc-arm-none-eabi-10.3-2021.10/bin/../lib/gcc/arm-none-eabi/10.3.1/../../../../arm-none-eabi/lib/thumb/v7e-m+fp/hard\libg_nano.a(lib_a-printf.o)
 .ARM.attributes
                0x00000475       0x34 d:/at32ide/platform/tools/gcc-arm-none-eabi-10.3-2021.10/bin/../lib/gcc/arm-none-eabi/10.3.1/../../../../arm-none-eabi/lib/thumb/v7e-m+fp/hard\libg_nano.a(lib_a-puts.o)
 .ARM.attributes
                0x000004a9       0x34 d:/at32ide/platform/tools/gcc-arm-none-eabi-10.3-2021.10/bin/../lib/gcc/arm-none-eabi/10.3.1/../../../../arm-none-eabi/lib/thumb/v7e-m+fp/hard\libg_nano.a(lib_a-sprintf.o)
 .ARM.attributes
                0x000004dd       0x17 d:/at32ide/platform/tools/gcc-arm-none-eabi-10.3-2021.10/bin/../lib/gcc/arm-none-eabi/10.3.1/../../../../arm-none-eabi/lib/thumb/v7e-m+fp/hard\libg_nano.a(lib_a-strlen.o)
 .ARM.attributes
                0x000004f4       0x34 d:/at32ide/platform/tools/gcc-arm-none-eabi-10.3-2021.10/bin/../lib/gcc/arm-none-eabi/10.3.1/../../../../arm-none-eabi/lib/thumb/v7e-m+fp/hard\libg_nano.a(lib_a-wbuf.o)
 .ARM.attributes
                0x00000528       0x34 d:/at32ide/platform/tools/gcc-arm-none-eabi-10.3-2021.10/bin/../lib/gcc/arm-none-eabi/10.3.1/../../../../arm-none-eabi/lib/thumb/v7e-m+fp/hard\libg_nano.a(lib_a-wsetup.o)
 .ARM.attributes
                0x0000055c       0x34 d:/at32ide/platform/tools/gcc-arm-none-eabi-10.3-2021.10/bin/../lib/gcc/arm-none-eabi/10.3.1/../../../../arm-none-eabi/lib/thumb/v7e-m+fp/hard\libg_nano.a(lib_a-fflush.o)
 .ARM.attributes
                0x00000590       0x34 d:/at32ide/platform/tools/gcc-arm-none-eabi-10.3-2021.10/bin/../lib/gcc/arm-none-eabi/10.3.1/../../../../arm-none-eabi/lib/thumb/v7e-m+fp/hard\libg_nano.a(lib_a-findfp.o)
 .ARM.attributes
                0x000005c4       0x34 d:/at32ide/platform/tools/gcc-arm-none-eabi-10.3-2021.10/bin/../lib/gcc/arm-none-eabi/10.3.1/../../../../arm-none-eabi/lib/thumb/v7e-m+fp/hard\libg_nano.a(lib_a-fwalk.o)
 .ARM.attributes
                0x000005f8       0x34 d:/at32ide/platform/tools/gcc-arm-none-eabi-10.3-2021.10/bin/../lib/gcc/arm-none-eabi/10.3.1/../../../../arm-none-eabi/lib/thumb/v7e-m+fp/hard\libg_nano.a(lib_a-lock.o)
 .ARM.attributes
                0x0000062c       0x34 d:/at32ide/platform/tools/gcc-arm-none-eabi-10.3-2021.10/bin/../lib/gcc/arm-none-eabi/10.3.1/../../../../arm-none-eabi/lib/thumb/v7e-m+fp/hard\libg_nano.a(lib_a-makebuf.o)
 .ARM.attributes
                0x00000660       0x34 d:/at32ide/platform/tools/gcc-arm-none-eabi-10.3-2021.10/bin/../lib/gcc/arm-none-eabi/10.3.1/../../../../arm-none-eabi/lib/thumb/v7e-m+fp/hard\libg_nano.a(lib_a-nano-freer.o)
 .ARM.attributes
                0x00000694       0x34 d:/at32ide/platform/tools/gcc-arm-none-eabi-10.3-2021.10/bin/../lib/gcc/arm-none-eabi/10.3.1/../../../../arm-none-eabi/lib/thumb/v7e-m+fp/hard\libg_nano.a(lib_a-nano-mallocr.o)
 .ARM.attributes
                0x000006c8       0x34 d:/at32ide/platform/tools/gcc-arm-none-eabi-10.3-2021.10/bin/../lib/gcc/arm-none-eabi/10.3.1/../../../../arm-none-eabi/lib/thumb/v7e-m+fp/hard\libg_nano.a(lib_a-nano-svfprintf.o)
 .ARM.attributes
                0x000006fc       0x34 d:/at32ide/platform/tools/gcc-arm-none-eabi-10.3-2021.10/bin/../lib/gcc/arm-none-eabi/10.3.1/../../../../arm-none-eabi/lib/thumb/v7e-m+fp/hard\libg_nano.a(lib_a-nano-vfprintf.o)
 .ARM.attributes
                0x00000730       0x34 d:/at32ide/platform/tools/gcc-arm-none-eabi-10.3-2021.10/bin/../lib/gcc/arm-none-eabi/10.3.1/../../../../arm-none-eabi/lib/thumb/v7e-m+fp/hard\libg_nano.a(lib_a-nano-vfprintf_i.o)
 .ARM.attributes
                0x00000764       0x34 d:/at32ide/platform/tools/gcc-arm-none-eabi-10.3-2021.10/bin/../lib/gcc/arm-none-eabi/10.3.1/../../../../arm-none-eabi/lib/thumb/v7e-m+fp/hard\libg_nano.a(lib_a-sbrkr.o)
 .ARM.attributes
                0x00000798       0x34 d:/at32ide/platform/tools/gcc-arm-none-eabi-10.3-2021.10/bin/../lib/gcc/arm-none-eabi/10.3.1/../../../../arm-none-eabi/lib/thumb/v7e-m+fp/hard\libg_nano.a(lib_a-stdio.o)
 .ARM.attributes
                0x000007cc       0x34 d:/at32ide/platform/tools/gcc-arm-none-eabi-10.3-2021.10/bin/../lib/gcc/arm-none-eabi/10.3.1/../../../../arm-none-eabi/lib/thumb/v7e-m+fp/hard\libg_nano.a(lib_a-writer.o)
 .ARM.attributes
                0x00000800       0x34 d:/at32ide/platform/tools/gcc-arm-none-eabi-10.3-2021.10/bin/../lib/gcc/arm-none-eabi/10.3.1/../../../../arm-none-eabi/lib/thumb/v7e-m+fp/hard\libg_nano.a(lib_a-closer.o)
 .ARM.attributes
                0x00000834       0x34 d:/at32ide/platform/tools/gcc-arm-none-eabi-10.3-2021.10/bin/../lib/gcc/arm-none-eabi/10.3.1/../../../../arm-none-eabi/lib/thumb/v7e-m+fp/hard\libg_nano.a(lib_a-fstatr.o)
 .ARM.attributes
                0x00000868       0x34 d:/at32ide/platform/tools/gcc-arm-none-eabi-10.3-2021.10/bin/../lib/gcc/arm-none-eabi/10.3.1/../../../../arm-none-eabi/lib/thumb/v7e-m+fp/hard\libg_nano.a(lib_a-isattyr.o)
 .ARM.attributes
                0x0000089c       0x34 d:/at32ide/platform/tools/gcc-arm-none-eabi-10.3-2021.10/bin/../lib/gcc/arm-none-eabi/10.3.1/../../../../arm-none-eabi/lib/thumb/v7e-m+fp/hard\libg_nano.a(lib_a-lseekr.o)
 .ARM.attributes
                0x000008d0       0x1c d:/at32ide/platform/tools/gcc-arm-none-eabi-10.3-2021.10/bin/../lib/gcc/arm-none-eabi/10.3.1/../../../../arm-none-eabi/lib/thumb/v7e-m+fp/hard\libg_nano.a(lib_a-memchr.o)
 .ARM.attributes
                0x000008ec       0x34 d:/at32ide/platform/tools/gcc-arm-none-eabi-10.3-2021.10/bin/../lib/gcc/arm-none-eabi/10.3.1/../../../../arm-none-eabi/lib/thumb/v7e-m+fp/hard\libg_nano.a(lib_a-memcpy-stub.o)
 .ARM.attributes
                0x00000920       0x34 d:/at32ide/platform/tools/gcc-arm-none-eabi-10.3-2021.10/bin/../lib/gcc/arm-none-eabi/10.3.1/../../../../arm-none-eabi/lib/thumb/v7e-m+fp/hard\libg_nano.a(lib_a-memmove.o)
 .ARM.attributes
                0x00000954       0x34 d:/at32ide/platform/tools/gcc-arm-none-eabi-10.3-2021.10/bin/../lib/gcc/arm-none-eabi/10.3.1/../../../../arm-none-eabi/lib/thumb/v7e-m+fp/hard\libg_nano.a(lib_a-mlock.o)
 .ARM.attributes
                0x00000988       0x34 d:/at32ide/platform/tools/gcc-arm-none-eabi-10.3-2021.10/bin/../lib/gcc/arm-none-eabi/10.3.1/../../../../arm-none-eabi/lib/thumb/v7e-m+fp/hard\libg_nano.a(lib_a-nano-reallocr.o)
 .ARM.attributes
                0x000009bc       0x34 d:/at32ide/platform/tools/gcc-arm-none-eabi-10.3-2021.10/bin/../lib/gcc/arm-none-eabi/10.3.1/../../../../arm-none-eabi/lib/thumb/v7e-m+fp/hard\libg_nano.a(lib_a-readr.o)
 .ARM.attributes
                0x000009f0       0x34 d:/at32ide/platform/tools/gcc-arm-none-eabi-10.3-2021.10/bin/../lib/gcc/arm-none-eabi/10.3.1/../../../../arm-none-eabi/lib/thumb/v7e-m+fp/hard\libg_nano.a(lib_a-reent.o)
 .ARM.attributes
                0x00000a24       0x34 d:/at32ide/platform/tools/gcc-arm-none-eabi-10.3-2021.10/bin/../lib/gcc/arm-none-eabi/10.3.1/../../../../arm-none-eabi/lib/thumb/v7e-m+fp/hard\libg_nano.a(lib_a-nano-msizer.o)
 .ARM.attributes
                0x00000a58       0x34 d:/at32ide/platform/tools/gcc-arm-none-eabi-10.3-2021.10/bin/../lib/gcc/arm-none-eabi/10.3.1/../../../../arm-none-eabi/lib/thumb/v7e-m+fp/hard\libnosys.a(close.o)
 .ARM.attributes
                0x00000a8c       0x34 d:/at32ide/platform/tools/gcc-arm-none-eabi-10.3-2021.10/bin/../lib/gcc/arm-none-eabi/10.3.1/../../../../arm-none-eabi/lib/thumb/v7e-m+fp/hard\libnosys.a(fstat.o)
 .ARM.attributes
                0x00000ac0       0x34 d:/at32ide/platform/tools/gcc-arm-none-eabi-10.3-2021.10/bin/../lib/gcc/arm-none-eabi/10.3.1/../../../../arm-none-eabi/lib/thumb/v7e-m+fp/hard\libnosys.a(isatty.o)
 .ARM.attributes
                0x00000af4       0x34 d:/at32ide/platform/tools/gcc-arm-none-eabi-10.3-2021.10/bin/../lib/gcc/arm-none-eabi/10.3.1/../../../../arm-none-eabi/lib/thumb/v7e-m+fp/hard\libnosys.a(lseek.o)
 .ARM.attributes
                0x00000b28       0x34 d:/at32ide/platform/tools/gcc-arm-none-eabi-10.3-2021.10/bin/../lib/gcc/arm-none-eabi/10.3.1/../../../../arm-none-eabi/lib/thumb/v7e-m+fp/hard\libnosys.a(read.o)
 .ARM.attributes
                0x00000b5c       0x34 d:/at32ide/platform/tools/gcc-arm-none-eabi-10.3-2021.10/bin/../lib/gcc/arm-none-eabi/10.3.1/../../../../arm-none-eabi/lib/thumb/v7e-m+fp/hard\libnosys.a(sbrk.o)
 .ARM.attributes
                0x00000b90       0x1e d:/at32ide/platform/tools/gcc-arm-none-eabi-10.3-2021.10/bin/../lib/gcc/arm-none-eabi/10.3.1/thumb/v7e-m+fp/hard/crtn.o
OUTPUT(LCD_print.elf elf32-littlearm)
LOAD linker stubs
LOAD d:/at32ide/platform/tools/gcc-arm-none-eabi-10.3-2021.10/bin/../lib/gcc/arm-none-eabi/10.3.1/../../../../arm-none-eabi/lib/thumb/v7e-m+fp/hard\libc.a
LOAD d:/at32ide/platform/tools/gcc-arm-none-eabi-10.3-2021.10/bin/../lib/gcc/arm-none-eabi/10.3.1/../../../../arm-none-eabi/lib/thumb/v7e-m+fp/hard\libm.a
LOAD d:/at32ide/platform/tools/gcc-arm-none-eabi-10.3-2021.10/bin/../lib/gcc/arm-none-eabi/10.3.1/thumb/v7e-m+fp/hard\libgcc.a

.debug_info     0x00000000    0x11e24
 .debug_info    0x00000000      0x3cc ./user/at32f403a_407_clock.o
 .debug_info    0x000003cc      0x10e ./user/at32f403a_407_int.o
 .debug_info    0x000004da     0x2d85 ./user/main.o
 .debug_info    0x0000325f     0x1902 ./user/xmc_lcd.o
 .debug_info    0x00004b61     0x1922 ./firmware/at32f403a_407_adc.o
 .debug_info    0x00006483     0x2336 ./firmware/at32f403a_407_crm.o
 .debug_info    0x000087b9      0xe34 ./firmware/at32f403a_407_dma.o
 .debug_info    0x000095ed      0x504 ./firmware/at32f403a_407_exint.o
 .debug_info    0x00009af1     0x1f20 ./firmware/at32f403a_407_gpio.o
 .debug_info    0x0000ba11      0x9de ./firmware/at32f403a_407_misc.o
 .debug_info    0x0000c3ef     0x105a ./firmware/at32f403a_407_usart.o
 .debug_info    0x0000d449     0x11dc ./firmware/at32f403a_407_xmc.o
 .debug_info    0x0000e625       0x22 ./cmsis/startup_at32f403a_407.o
 .debug_info    0x0000e647     0x1596 ./cmsis/system_at32f403a_407.o
 .debug_info    0x0000fbdd     0x2247 ./bsp/at32f403a_407_board.o

.debug_abbrev   0x00000000     0x1c0f
 .debug_abbrev  0x00000000       0x78 ./user/at32f403a_407_clock.o
 .debug_abbrev  0x00000078       0x44 ./user/at32f403a_407_int.o
 .debug_abbrev  0x000000bc      0x2ad ./user/main.o
 .debug_abbrev  0x00000369      0x273 ./user/xmc_lcd.o
 .debug_abbrev  0x000005dc      0x23e ./firmware/at32f403a_407_adc.o
 .debug_abbrev  0x0000081a      0x229 ./firmware/at32f403a_407_crm.o
 .debug_abbrev  0x00000a43      0x201 ./firmware/at32f403a_407_dma.o
 .debug_abbrev  0x00000c44      0x17b ./firmware/at32f403a_407_exint.o
 .debug_abbrev  0x00000dbf      0x215 ./firmware/at32f403a_407_gpio.o
 .debug_abbrev  0x00000fd4      0x245 ./firmware/at32f403a_407_misc.o
 .debug_abbrev  0x00001219      0x237 ./firmware/at32f403a_407_usart.o
 .debug_abbrev  0x00001450      0x235 ./firmware/at32f403a_407_xmc.o
 .debug_abbrev  0x00001685       0x12 ./cmsis/startup_at32f403a_407.o
 .debug_abbrev  0x00001697      0x187 ./cmsis/system_at32f403a_407.o
 .debug_abbrev  0x0000181e      0x3f1 ./bsp/at32f403a_407_board.o

.debug_aranges  0x00000000      0x820
 .debug_aranges
                0x00000000       0x20 ./user/at32f403a_407_clock.o
 .debug_aranges
                0x00000020       0x60 ./user/at32f403a_407_int.o
 .debug_aranges
                0x00000080       0x58 ./user/main.o
 .debug_aranges
                0x000000d8       0x78 ./user/xmc_lcd.o
 .debug_aranges
                0x00000150      0x128 ./firmware/at32f403a_407_adc.o
 .debug_aranges
                0x00000278      0x130 ./firmware/at32f403a_407_crm.o
 .debug_aranges
                0x000003a8       0x68 ./firmware/at32f403a_407_dma.o
 .debug_aranges
                0x00000410       0x58 ./firmware/at32f403a_407_exint.o
 .debug_aranges
                0x00000468       0xa8 ./firmware/at32f403a_407_gpio.o
 .debug_aranges
                0x00000510       0x88 ./firmware/at32f403a_407_misc.o
 .debug_aranges
                0x00000598      0x100 ./firmware/at32f403a_407_usart.o
 .debug_aranges
                0x00000698       0xa8 ./firmware/at32f403a_407_xmc.o
 .debug_aranges
                0x00000740       0x28 ./cmsis/startup_at32f403a_407.o
 .debug_aranges
                0x00000768       0x28 ./cmsis/system_at32f403a_407.o
 .debug_aranges
                0x00000790       0x90 ./bsp/at32f403a_407_board.o

.debug_ranges   0x00000000      0x738
 .debug_ranges  0x00000000       0x10 ./user/at32f403a_407_clock.o
 .debug_ranges  0x00000010       0x50 ./user/at32f403a_407_int.o
 .debug_ranges  0x00000060       0x48 ./user/main.o
 .debug_ranges  0x000000a8       0x68 ./user/xmc_lcd.o
 .debug_ranges  0x00000110      0x118 ./firmware/at32f403a_407_adc.o
 .debug_ranges  0x00000228      0x120 ./firmware/at32f403a_407_crm.o
 .debug_ranges  0x00000348       0x58 ./firmware/at32f403a_407_dma.o
 .debug_ranges  0x000003a0       0x48 ./firmware/at32f403a_407_exint.o
 .debug_ranges  0x000003e8       0x98 ./firmware/at32f403a_407_gpio.o
 .debug_ranges  0x00000480       0x78 ./firmware/at32f403a_407_misc.o
 .debug_ranges  0x000004f8       0xf0 ./firmware/at32f403a_407_usart.o
 .debug_ranges  0x000005e8       0x98 ./firmware/at32f403a_407_xmc.o
 .debug_ranges  0x00000680       0x20 ./cmsis/startup_at32f403a_407.o
 .debug_ranges  0x000006a0       0x18 ./cmsis/system_at32f403a_407.o
 .debug_ranges  0x000006b8       0x80 ./bsp/at32f403a_407_board.o

.debug_line     0x00000000     0x412d
 .debug_line    0x00000000      0x1dd ./user/at32f403a_407_clock.o
 .debug_line    0x000001dd       0xfc ./user/at32f403a_407_int.o
 .debug_line    0x000002d9      0x3fe ./user/main.o
 .debug_line    0x000006d7      0x595 ./user/xmc_lcd.o
 .debug_line    0x00000c6c      0x6e0 ./firmware/at32f403a_407_adc.o
 .debug_line    0x0000134c      0x820 ./firmware/at32f403a_407_crm.o
 .debug_line    0x00001b6c      0x3b3 ./firmware/at32f403a_407_dma.o
 .debug_line    0x00001f1f      0x303 ./firmware/at32f403a_407_exint.o
 .debug_line    0x00002222      0x581 ./firmware/at32f403a_407_gpio.o
 .debug_line    0x000027a3      0x441 ./firmware/at32f403a_407_misc.o
 .debug_line    0x00002be4      0x574 ./firmware/at32f403a_407_usart.o
 .debug_line    0x00003158      0x5e9 ./firmware/at32f403a_407_xmc.o
 .debug_line    0x00003741       0x7c ./cmsis/startup_at32f403a_407.o
 .debug_line    0x000037bd      0x339 ./cmsis/system_at32f403a_407.o
 .debug_line    0x00003af6      0x637 ./bsp/at32f403a_407_board.o

.debug_str      0x00000000     0x775a
 .debug_str     0x00000000      0x7c4 ./user/at32f403a_407_clock.o
                                0x807 (size before relaxing)
 .debug_str     0x000007c4       0xac ./user/at32f403a_407_int.o
                                0x1fc (size before relaxing)
 .debug_str     0x00000870     0x227b ./user/main.o
                               0x2461 (size before relaxing)
 .debug_str     0x00002aeb      0x691 ./user/xmc_lcd.o
                               0x13f5 (size before relaxing)
 .debug_str     0x0000317c      0xd7e ./firmware/at32f403a_407_adc.o
                               0x1848 (size before relaxing)
 .debug_str     0x00003efa      0xf6d ./firmware/at32f403a_407_crm.o
                               0x2141 (size before relaxing)
 .debug_str     0x00004e67      0xa01 ./firmware/at32f403a_407_dma.o
                                0xed8 (size before relaxing)
 .debug_str     0x00005868      0x16e ./firmware/at32f403a_407_exint.o
                                0x421 (size before relaxing)
 .debug_str     0x000059d6      0x703 ./firmware/at32f403a_407_gpio.o
                               0x13a8 (size before relaxing)
 .debug_str     0x000060d9      0x3ba ./firmware/at32f403a_407_misc.o
                                0xae3 (size before relaxing)
 .debug_str     0x00006493      0x5d9 ./firmware/at32f403a_407_usart.o
                                0xdd4 (size before relaxing)
 .debug_str     0x00006a6c      0x776 ./firmware/at32f403a_407_xmc.o
                                0xeca (size before relaxing)
 .debug_str     0x000071e2       0x2f ./cmsis/startup_at32f403a_407.o
                                 0x67 (size before relaxing)
 .debug_str     0x00007211       0x68 ./cmsis/system_at32f403a_407.o
                                0xb00 (size before relaxing)
 .debug_str     0x00007279      0x4e1 ./bsp/at32f403a_407_board.o
                               0x1434 (size before relaxing)

.comment        0x00000000       0x49
 .comment       0x00000000       0x49 ./user/at32f403a_407_clock.o
                                 0x4a (size before relaxing)
 .comment       0x00000049       0x4a ./user/at32f403a_407_int.o
 .comment       0x00000049       0x4a ./user/main.o
 .comment       0x00000049       0x4a ./user/xmc_lcd.o
 .comment       0x00000049       0x4a ./firmware/at32f403a_407_adc.o
 .comment       0x00000049       0x4a ./firmware/at32f403a_407_crm.o
 .comment       0x00000049       0x4a ./firmware/at32f403a_407_dma.o
 .comment       0x00000049       0x4a ./firmware/at32f403a_407_exint.o
 .comment       0x00000049       0x4a ./firmware/at32f403a_407_gpio.o
 .comment       0x00000049       0x4a ./firmware/at32f403a_407_misc.o
 .comment       0x00000049       0x4a ./firmware/at32f403a_407_usart.o
 .comment       0x00000049       0x4a ./firmware/at32f403a_407_xmc.o
 .comment       0x00000049       0x4a ./cmsis/system_at32f403a_407.o
 .comment       0x00000049       0x4a ./bsp/at32f403a_407_board.o

.debug_frame    0x00000000     0x2c68
 .debug_frame   0x00000000       0x2c ./user/at32f403a_407_clock.o
 .debug_frame   0x0000002c      0x110 ./user/at32f403a_407_int.o
 .debug_frame   0x0000013c      0x118 ./user/main.o
 .debug_frame   0x00000254      0x1e0 ./user/xmc_lcd.o
 .debug_frame   0x00000434      0x554 ./firmware/at32f403a_407_adc.o
 .debug_frame   0x00000988      0x568 ./firmware/at32f403a_407_crm.o
 .debug_frame   0x00000ef0      0x1a0 ./firmware/at32f403a_407_dma.o
 .debug_frame   0x00001090      0x148 ./firmware/at32f403a_407_exint.o
 .debug_frame   0x000011d8      0x2d0 ./firmware/at32f403a_407_gpio.o
 .debug_frame   0x000014a8      0x210 ./firmware/at32f403a_407_misc.o
 .debug_frame   0x000016b8      0x490 ./firmware/at32f403a_407_usart.o
 .debug_frame   0x00001b48      0x2e0 ./firmware/at32f403a_407_xmc.o
 .debug_frame   0x00001e28       0x54 ./cmsis/system_at32f403a_407.o
 .debug_frame   0x00001e7c      0x220 ./bsp/at32f403a_407_board.o
 .debug_frame   0x0000209c       0xac d:/at32ide/platform/tools/gcc-arm-none-eabi-10.3-2021.10/bin/../lib/gcc/arm-none-eabi/10.3.1/thumb/v7e-m+fp/hard\libgcc.a(_arm_addsubdf3.o)
 .debug_frame   0x00002148       0x50 d:/at32ide/platform/tools/gcc-arm-none-eabi-10.3-2021.10/bin/../lib/gcc/arm-none-eabi/10.3.1/thumb/v7e-m+fp/hard\libgcc.a(_arm_muldivdf3.o)
 .debug_frame   0x00002198       0x24 d:/at32ide/platform/tools/gcc-arm-none-eabi-10.3-2021.10/bin/../lib/gcc/arm-none-eabi/10.3.1/thumb/v7e-m+fp/hard\libgcc.a(_arm_fixdfsi.o)
 .debug_frame   0x000021bc       0x2c d:/at32ide/platform/tools/gcc-arm-none-eabi-10.3-2021.10/bin/../lib/gcc/arm-none-eabi/10.3.1/../../../../arm-none-eabi/lib/thumb/v7e-m+fp/hard\libg_nano.a(lib_a-init.o)
 .debug_frame   0x000021e8       0x20 d:/at32ide/platform/tools/gcc-arm-none-eabi-10.3-2021.10/bin/../lib/gcc/arm-none-eabi/10.3.1/../../../../arm-none-eabi/lib/thumb/v7e-m+fp/hard\libg_nano.a(lib_a-memset.o)
 .debug_frame   0x00002208       0x74 d:/at32ide/platform/tools/gcc-arm-none-eabi-10.3-2021.10/bin/../lib/gcc/arm-none-eabi/10.3.1/../../../../arm-none-eabi/lib/thumb/v7e-m+fp/hard\libg_nano.a(lib_a-printf.o)
 .debug_frame   0x0000227c       0x3c d:/at32ide/platform/tools/gcc-arm-none-eabi-10.3-2021.10/bin/../lib/gcc/arm-none-eabi/10.3.1/../../../../arm-none-eabi/lib/thumb/v7e-m+fp/hard\libg_nano.a(lib_a-puts.o)
 .debug_frame   0x000022b8       0x6c d:/at32ide/platform/tools/gcc-arm-none-eabi-10.3-2021.10/bin/../lib/gcc/arm-none-eabi/10.3.1/../../../../arm-none-eabi/lib/thumb/v7e-m+fp/hard\libg_nano.a(lib_a-sprintf.o)
 .debug_frame   0x00002324       0x40 d:/at32ide/platform/tools/gcc-arm-none-eabi-10.3-2021.10/bin/../lib/gcc/arm-none-eabi/10.3.1/../../../../arm-none-eabi/lib/thumb/v7e-m+fp/hard\libg_nano.a(lib_a-wbuf.o)
 .debug_frame   0x00002364       0x2c d:/at32ide/platform/tools/gcc-arm-none-eabi-10.3-2021.10/bin/../lib/gcc/arm-none-eabi/10.3.1/../../../../arm-none-eabi/lib/thumb/v7e-m+fp/hard\libg_nano.a(lib_a-wsetup.o)
 .debug_frame   0x00002390       0x5c d:/at32ide/platform/tools/gcc-arm-none-eabi-10.3-2021.10/bin/../lib/gcc/arm-none-eabi/10.3.1/../../../../arm-none-eabi/lib/thumb/v7e-m+fp/hard\libg_nano.a(lib_a-fflush.o)
 .debug_frame   0x000023ec      0x14c d:/at32ide/platform/tools/gcc-arm-none-eabi-10.3-2021.10/bin/../lib/gcc/arm-none-eabi/10.3.1/../../../../arm-none-eabi/lib/thumb/v7e-m+fp/hard\libg_nano.a(lib_a-findfp.o)
 .debug_frame   0x00002538       0x54 d:/at32ide/platform/tools/gcc-arm-none-eabi-10.3-2021.10/bin/../lib/gcc/arm-none-eabi/10.3.1/../../../../arm-none-eabi/lib/thumb/v7e-m+fp/hard\libg_nano.a(lib_a-fwalk.o)
 .debug_frame   0x0000258c       0xb0 d:/at32ide/platform/tools/gcc-arm-none-eabi-10.3-2021.10/bin/../lib/gcc/arm-none-eabi/10.3.1/../../../../arm-none-eabi/lib/thumb/v7e-m+fp/hard\libg_nano.a(lib_a-lock.o)
 .debug_frame   0x0000263c       0x58 d:/at32ide/platform/tools/gcc-arm-none-eabi-10.3-2021.10/bin/../lib/gcc/arm-none-eabi/10.3.1/../../../../arm-none-eabi/lib/thumb/v7e-m+fp/hard\libg_nano.a(lib_a-makebuf.o)
 .debug_frame   0x00002694       0x38 d:/at32ide/platform/tools/gcc-arm-none-eabi-10.3-2021.10/bin/../lib/gcc/arm-none-eabi/10.3.1/../../../../arm-none-eabi/lib/thumb/v7e-m+fp/hard\libg_nano.a(lib_a-nano-freer.o)
 .debug_frame   0x000026cc       0x4c d:/at32ide/platform/tools/gcc-arm-none-eabi-10.3-2021.10/bin/../lib/gcc/arm-none-eabi/10.3.1/../../../../arm-none-eabi/lib/thumb/v7e-m+fp/hard\libg_nano.a(lib_a-nano-mallocr.o)
 .debug_frame   0x00002718       0x90 d:/at32ide/platform/tools/gcc-arm-none-eabi-10.3-2021.10/bin/../lib/gcc/arm-none-eabi/10.3.1/../../../../arm-none-eabi/lib/thumb/v7e-m+fp/hard\libg_nano.a(lib_a-nano-svfprintf.o)
 .debug_frame   0x000027a8       0xac d:/at32ide/platform/tools/gcc-arm-none-eabi-10.3-2021.10/bin/../lib/gcc/arm-none-eabi/10.3.1/../../../../arm-none-eabi/lib/thumb/v7e-m+fp/hard\libg_nano.a(lib_a-nano-vfprintf.o)
 .debug_frame   0x00002854       0x60 d:/at32ide/platform/tools/gcc-arm-none-eabi-10.3-2021.10/bin/../lib/gcc/arm-none-eabi/10.3.1/../../../../arm-none-eabi/lib/thumb/v7e-m+fp/hard\libg_nano.a(lib_a-nano-vfprintf_i.o)
 .debug_frame   0x000028b4       0x2c d:/at32ide/platform/tools/gcc-arm-none-eabi-10.3-2021.10/bin/../lib/gcc/arm-none-eabi/10.3.1/../../../../arm-none-eabi/lib/thumb/v7e-m+fp/hard\libg_nano.a(lib_a-sbrkr.o)
 .debug_frame   0x000028e0       0x88 d:/at32ide/platform/tools/gcc-arm-none-eabi-10.3-2021.10/bin/../lib/gcc/arm-none-eabi/10.3.1/../../../../arm-none-eabi/lib/thumb/v7e-m+fp/hard\libg_nano.a(lib_a-stdio.o)
 .debug_frame   0x00002968       0x2c d:/at32ide/platform/tools/gcc-arm-none-eabi-10.3-2021.10/bin/../lib/gcc/arm-none-eabi/10.3.1/../../../../arm-none-eabi/lib/thumb/v7e-m+fp/hard\libg_nano.a(lib_a-writer.o)
 .debug_frame   0x00002994       0x2c d:/at32ide/platform/tools/gcc-arm-none-eabi-10.3-2021.10/bin/../lib/gcc/arm-none-eabi/10.3.1/../../../../arm-none-eabi/lib/thumb/v7e-m+fp/hard\libg_nano.a(lib_a-closer.o)
 .debug_frame   0x000029c0       0x2c d:/at32ide/platform/tools/gcc-arm-none-eabi-10.3-2021.10/bin/../lib/gcc/arm-none-eabi/10.3.1/../../../../arm-none-eabi/lib/thumb/v7e-m+fp/hard\libg_nano.a(lib_a-fstatr.o)
 .debug_frame   0x000029ec       0x2c d:/at32ide/platform/tools/gcc-arm-none-eabi-10.3-2021.10/bin/../lib/gcc/arm-none-eabi/10.3.1/../../../../arm-none-eabi/lib/thumb/v7e-m+fp/hard\libg_nano.a(lib_a-isattyr.o)
 .debug_frame   0x00002a18       0x2c d:/at32ide/platform/tools/gcc-arm-none-eabi-10.3-2021.10/bin/../lib/gcc/arm-none-eabi/10.3.1/../../../../arm-none-eabi/lib/thumb/v7e-m+fp/hard\libg_nano.a(lib_a-lseekr.o)
 .debug_frame   0x00002a44       0x28 d:/at32ide/platform/tools/gcc-arm-none-eabi-10.3-2021.10/bin/../lib/gcc/arm-none-eabi/10.3.1/../../../../arm-none-eabi/lib/thumb/v7e-m+fp/hard\libg_nano.a(lib_a-memcpy-stub.o)
 .debug_frame   0x00002a6c       0x28 d:/at32ide/platform/tools/gcc-arm-none-eabi-10.3-2021.10/bin/../lib/gcc/arm-none-eabi/10.3.1/../../../../arm-none-eabi/lib/thumb/v7e-m+fp/hard\libg_nano.a(lib_a-memmove.o)
 .debug_frame   0x00002a94       0x30 d:/at32ide/platform/tools/gcc-arm-none-eabi-10.3-2021.10/bin/../lib/gcc/arm-none-eabi/10.3.1/../../../../arm-none-eabi/lib/thumb/v7e-m+fp/hard\libg_nano.a(lib_a-mlock.o)
 .debug_frame   0x00002ac4       0x3c d:/at32ide/platform/tools/gcc-arm-none-eabi-10.3-2021.10/bin/../lib/gcc/arm-none-eabi/10.3.1/../../../../arm-none-eabi/lib/thumb/v7e-m+fp/hard\libg_nano.a(lib_a-nano-reallocr.o)
 .debug_frame   0x00002b00       0x2c d:/at32ide/platform/tools/gcc-arm-none-eabi-10.3-2021.10/bin/../lib/gcc/arm-none-eabi/10.3.1/../../../../arm-none-eabi/lib/thumb/v7e-m+fp/hard\libg_nano.a(lib_a-readr.o)
 .debug_frame   0x00002b2c       0x5c d:/at32ide/platform/tools/gcc-arm-none-eabi-10.3-2021.10/bin/../lib/gcc/arm-none-eabi/10.3.1/../../../../arm-none-eabi/lib/thumb/v7e-m+fp/hard\libg_nano.a(lib_a-reent.o)
 .debug_frame   0x00002b88       0x20 d:/at32ide/platform/tools/gcc-arm-none-eabi-10.3-2021.10/bin/../lib/gcc/arm-none-eabi/10.3.1/../../../../arm-none-eabi/lib/thumb/v7e-m+fp/hard\libg_nano.a(lib_a-nano-msizer.o)
 .debug_frame   0x00002ba8       0x20 d:/at32ide/platform/tools/gcc-arm-none-eabi-10.3-2021.10/bin/../lib/gcc/arm-none-eabi/10.3.1/../../../../arm-none-eabi/lib/thumb/v7e-m+fp/hard\libnosys.a(close.o)
 .debug_frame   0x00002bc8       0x20 d:/at32ide/platform/tools/gcc-arm-none-eabi-10.3-2021.10/bin/../lib/gcc/arm-none-eabi/10.3.1/../../../../arm-none-eabi/lib/thumb/v7e-m+fp/hard\libnosys.a(fstat.o)
 .debug_frame   0x00002be8       0x20 d:/at32ide/platform/tools/gcc-arm-none-eabi-10.3-2021.10/bin/../lib/gcc/arm-none-eabi/10.3.1/../../../../arm-none-eabi/lib/thumb/v7e-m+fp/hard\libnosys.a(isatty.o)
 .debug_frame   0x00002c08       0x20 d:/at32ide/platform/tools/gcc-arm-none-eabi-10.3-2021.10/bin/../lib/gcc/arm-none-eabi/10.3.1/../../../../arm-none-eabi/lib/thumb/v7e-m+fp/hard\libnosys.a(lseek.o)
 .debug_frame   0x00002c28       0x20 d:/at32ide/platform/tools/gcc-arm-none-eabi-10.3-2021.10/bin/../lib/gcc/arm-none-eabi/10.3.1/../../../../arm-none-eabi/lib/thumb/v7e-m+fp/hard\libnosys.a(read.o)
 .debug_frame   0x00002c48       0x20 d:/at32ide/platform/tools/gcc-arm-none-eabi-10.3-2021.10/bin/../lib/gcc/arm-none-eabi/10.3.1/../../../../arm-none-eabi/lib/thumb/v7e-m+fp/hard\libnosys.a(sbrk.o)

.stab           0x00000000       0x84
 .stab          0x00000000       0x24 d:/at32ide/platform/tools/gcc-arm-none-eabi-10.3-2021.10/bin/../lib/gcc/arm-none-eabi/10.3.1/../../../../arm-none-eabi/lib/thumb/v7e-m+fp/hard\libnosys.a(close.o)
 .stab          0x00000024       0x18 d:/at32ide/platform/tools/gcc-arm-none-eabi-10.3-2021.10/bin/../lib/gcc/arm-none-eabi/10.3.1/../../../../arm-none-eabi/lib/thumb/v7e-m+fp/hard\libnosys.a(fstat.o)
                                 0x24 (size before relaxing)
 .stab          0x0000003c       0x18 d:/at32ide/platform/tools/gcc-arm-none-eabi-10.3-2021.10/bin/../lib/gcc/arm-none-eabi/10.3.1/../../../../arm-none-eabi/lib/thumb/v7e-m+fp/hard\libnosys.a(isatty.o)
                                 0x24 (size before relaxing)
 .stab          0x00000054       0x18 d:/at32ide/platform/tools/gcc-arm-none-eabi-10.3-2021.10/bin/../lib/gcc/arm-none-eabi/10.3.1/../../../../arm-none-eabi/lib/thumb/v7e-m+fp/hard\libnosys.a(lseek.o)
                                 0x24 (size before relaxing)
 .stab          0x0000006c       0x18 d:/at32ide/platform/tools/gcc-arm-none-eabi-10.3-2021.10/bin/../lib/gcc/arm-none-eabi/10.3.1/../../../../arm-none-eabi/lib/thumb/v7e-m+fp/hard\libnosys.a(read.o)
                                 0x24 (size before relaxing)

.stabstr        0x00000000      0x117
 .stabstr       0x00000000      0x117 d:/at32ide/platform/tools/gcc-arm-none-eabi-10.3-2021.10/bin/../lib/gcc/arm-none-eabi/10.3.1/../../../../arm-none-eabi/lib/thumb/v7e-m+fp/hard\libnosys.a(close.o)
